Component: ARM Compiler 5.05 update 1 (build 106) Tool: armlink [4d0efa]

==============================================================================

Section Cross References

    startup_stm32f407xx.o(STACK) refers (Special) to heapauxi.o(.text) for __use_two_region_memory
    startup_stm32f407xx.o(HEAP) refers (Special) to heapauxi.o(.text) for __use_two_region_memory
    startup_stm32f407xx.o(RESET) refers (Special) to heapauxi.o(.text) for __use_two_region_memory
    startup_stm32f407xx.o(RESET) refers to startup_stm32f407xx.o(STACK) for __initial_sp
    startup_stm32f407xx.o(RESET) refers to startup_stm32f407xx.o(.text) for Reset_Handler
    startup_stm32f407xx.o(RESET) refers to stm32f4xx_it.o(i.NMI_Handler) for NMI_Handler
    startup_stm32f407xx.o(RESET) refers to stm32f4xx_it.o(i.HardFault_Handler) for HardFault_Handler
    startup_stm32f407xx.o(RESET) refers to stm32f4xx_it.o(i.MemManage_Handler) for MemManage_Handler
    startup_stm32f407xx.o(RESET) refers to stm32f4xx_it.o(i.BusFault_Handler) for BusFault_Handler
    startup_stm32f407xx.o(RESET) refers to stm32f4xx_it.o(i.UsageFault_Handler) for UsageFault_Handler
    startup_stm32f407xx.o(RESET) refers to stm32f4xx_it.o(i.SVC_Handler) for SVC_Handler
    startup_stm32f407xx.o(RESET) refers to stm32f4xx_it.o(i.DebugMon_Handler) for DebugMon_Handler
    startup_stm32f407xx.o(RESET) refers to stm32f4xx_it.o(i.PendSV_Handler) for PendSV_Handler
    startup_stm32f407xx.o(RESET) refers to stm32f4xx_it.o(i.SysTick_Handler) for SysTick_Handler
    startup_stm32f407xx.o(RESET) refers to stm32f4xx_it.o(i.CAN1_RX0_IRQHandler) for CAN1_RX0_IRQHandler
    startup_stm32f407xx.o(RESET) refers to main.o(i.TIM2_IRQHandler) for TIM2_IRQHandler
    startup_stm32f407xx.o(RESET) refers to main.o(i.TIM3_IRQHandler) for TIM3_IRQHandler
    startup_stm32f407xx.o(RESET) refers to main.o(i.TIM4_IRQHandler) for TIM4_IRQHandler
    startup_stm32f407xx.o(RESET) refers to stm32f4xx_it.o(i.CAN2_RX0_IRQHandler) for CAN2_RX0_IRQHandler
    startup_stm32f407xx.o(.text) refers (Special) to heapauxi.o(.text) for __use_two_region_memory
    startup_stm32f407xx.o(.text) refers to system_stm32f4xx.o(i.SystemInit) for SystemInit
    startup_stm32f407xx.o(.text) refers to __main.o(!!!main) for __main
    startup_stm32f407xx.o(.text) refers to startup_stm32f407xx.o(HEAP) for Heap_Mem
    startup_stm32f407xx.o(.text) refers to startup_stm32f407xx.o(STACK) for Stack_Mem
    main.o(i.ADBMS6815_adax) refers to main.o(i.cmd_68) for cmd_68
    main.o(i.ADBMS6815_adcv) refers to main.o(i.cmd_68) for cmd_68
    main.o(i.ADBMS6815_adstat) refers to main.o(i.pec15_calc) for pec15_calc
    main.o(i.ADBMS6815_adstat) refers to stm32f4xx_hal_gpio.o(i.HAL_GPIO_WritePin) for HAL_GPIO_WritePin
    main.o(i.ADBMS6815_adstat) refers to main.o(i.spi_write_array) for spi_write_array
    main.o(i.ADBMS6815_adstat) refers to main.o(.data) for .data
    main.o(i.ADBMS6815_mute) refers to main.o(i.cmd_68) for cmd_68
    main.o(i.ADBMS6815_pladc) refers to main.o(i.pec15_calc) for pec15_calc
    main.o(i.ADBMS6815_pladc) refers to stm32f4xx_hal_gpio.o(i.HAL_GPIO_WritePin) for HAL_GPIO_WritePin
    main.o(i.ADBMS6815_pladc) refers to main.o(i.spi_write_array) for spi_write_array
    main.o(i.ADBMS6815_pladc) refers to main.o(i.spi_read_byte) for spi_read_byte
    main.o(i.ADBMS6815_pladc) refers to main.o(.data) for .data
    main.o(i.ADBMS6815_rdasall) refers to h1_alloc.o(.text) for malloc
    main.o(i.ADBMS6815_rdasall) refers to main.o(i.ADBMS6815_rdasall_reg) for ADBMS6815_rdasall_reg
    main.o(i.ADBMS6815_rdasall) refers to main.o(i.parse_cells) for parse_cells
    main.o(i.ADBMS6815_rdasall) refers to main.o(i.pec10_calc) for pec10_calc
    main.o(i.ADBMS6815_rdasall) refers to main.o(i.ADBMS6815_check_pec) for ADBMS6815_check_pec
    main.o(i.ADBMS6815_rdasall) refers to h1_free.o(.text) for free
    main.o(i.ADBMS6815_rdasall_reg) refers to main.o(i.pec15_calc) for pec15_calc
    main.o(i.ADBMS6815_rdasall_reg) refers to stm32f4xx_hal_gpio.o(i.HAL_GPIO_WritePin) for HAL_GPIO_WritePin
    main.o(i.ADBMS6815_rdasall_reg) refers to main.o(i.spi_write_read) for spi_write_read
    main.o(i.ADBMS6815_rdasall_reg) refers to main.o(.data) for .data
    main.o(i.ADBMS6815_rdaux) refers to h1_alloc.o(.text) for malloc
    main.o(i.ADBMS6815_rdaux) refers to main.o(i.ADBMS6815_rdaux_reg) for ADBMS6815_rdaux_reg
    main.o(i.ADBMS6815_rdaux) refers to main.o(i.parse_cells) for parse_cells
    main.o(i.ADBMS6815_rdaux) refers to main.o(i.ADBMS6815_check_pec) for ADBMS6815_check_pec
    main.o(i.ADBMS6815_rdaux) refers to h1_free.o(.text) for free
    main.o(i.ADBMS6815_rdaux_reg) refers to main.o(i.pec15_calc) for pec15_calc
    main.o(i.ADBMS6815_rdaux_reg) refers to stm32f4xx_hal_gpio.o(i.HAL_GPIO_WritePin) for HAL_GPIO_WritePin
    main.o(i.ADBMS6815_rdaux_reg) refers to main.o(i.spi_write_read) for spi_write_read
[...]
    i.SPI1_ReadWriteByte                     0x0800312c   Section        0  spi.o(i.SPI1_ReadWriteByte)
    i.SVC_Handler                            0x08003148   Section        0  stm32f4xx_it.o(i.SVC_Handler)
    i.SysTick_Handler                        0x0800314a   Section        0  stm32f4xx_it.o(i.SysTick_Handler)
    i.SystemClock_Config                     0x08003150   Section        0  main.o(i.SystemClock_Config)
    i.SystemInit                             0x080031e8   Section        0  system_stm32f4xx.o(i.SystemInit)
    i.TIM2_IRQHandler                        0x080031f8   Section        0  main.o(i.TIM2_IRQHandler)
    i.TIM3_IRQHandler                        0x08003204   Section        0  main.o(i.TIM3_IRQHandler)
    i.TIM4_IRQHandler                        0x0800322c   Section        0  main.o(i.TIM4_IRQHandler)
    i.TIM_Base_SetConfig                     0x08003248   Section        0  stm32f4xx_hal_tim.o(i.TIM_Base_SetConfig)
    i.TIM_ETR_SetConfig                      0x08003310   Section        0  stm32f4xx_hal_tim.o(i.TIM_ETR_SetConfig)
    i.TIM_ITRx_SetConfig                     0x08003324   Section        0  stm32f4xx_hal_tim.o(i.TIM_ITRx_SetConfig)
    TIM_ITRx_SetConfig                       0x08003325   Thumb Code    16  stm32f4xx_hal_tim.o(i.TIM_ITRx_SetConfig)
    i.TIM_TI1_ConfigInputStage               0x08003334   Section        0  stm32f4xx_hal_tim.o(i.TIM_TI1_ConfigInputStage)
    TIM_TI1_ConfigInputStage                 0x08003335   Thumb Code    34  stm32f4xx_hal_tim.o(i.TIM_TI1_ConfigInputStage)
    i.TIM_TI2_ConfigInputStage               0x08003356   Section        0  stm32f4xx_hal_tim.o(i.TIM_TI2_ConfigInputStage)
    TIM_TI2_ConfigInputStage                 0x08003357   Thumb Code    36  stm32f4xx_hal_tim.o(i.TIM_TI2_ConfigInputStage)
    i.UploadCVData                           0x0800337c   Section        0  main.o(i.UploadCVData)
    i.UploadConfigData                       0x08003418   Section        0  main.o(i.UploadConfigData)
    i.UploadMeasureData                      0x08003484   Section        0  main.o(i.UploadMeasureData)
    i.UsageFault_Handler                     0x080035b8   Section        0  stm32f4xx_it.o(i.UsageFault_Handler)
    i.__NVIC_SetPriority                     0x080035ba   Section        0  stm32f4xx_hal_cortex.o(i.__NVIC_SetPriority)
    __NVIC_SetPriority                       0x080035bb   Thumb Code    32  stm32f4xx_hal_cortex.o(i.__NVIC_SetPriority)
    i.__hardfp_log                           0x080035e0   Section        0  log.o(i.__hardfp_log)
    i.__kernel_poly                          0x080039a4   Section        0  poly.o(i.__kernel_poly)
    i.__mathlib_dbl_divzero                  0x08003aa0   Section        0  dunder.o(i.__mathlib_dbl_divzero)
    i.__mathlib_dbl_infnan                   0x08003ad0   Section        0  dunder.o(i.__mathlib_dbl_infnan)
    i.__mathlib_dbl_invalid                  0x08003ae8   Section        0  dunder.o(i.__mathlib_dbl_invalid)
    i.basic_service                          0x08003b08   Section        0  main.o(i.basic_service)
    i.cleartx                                0x08004490   Section        0  main.o(i.cleartx)
    i.cmd_68                                 0x080044a4   Section        0  main.o(i.cmd_68)
    i.delay_us                               0x080044fc   Section        0  tim.o(i.delay_us)
    i.first_service                          0x0800452c   Section        0  main.o(i.first_service)
    i.main                                   0x080046f0   Section        0  main.o(i.main)
    i.mcu_restart                            0x08004a1c   Section        0  main.o(i.mcu_restart)
    i.mulitiplexer_switch                    0x08004a28   Section        0  main.o(i.mulitiplexer_switch)
    i.parse_allcells                         0x08004a6c   Section        0  main.o(i.parse_allcells)
    i.parse_cells                            0x08004abe   Section        0  main.o(i.parse_cells)
    i.pec10_calc                             0x08004b1c   Section        0  main.o(i.pec10_calc)
    i.pec15_calc                             0x08004b70   Section        0  main.o(i.pec15_calc)
    i.read_68                                0x08004ba4   Section        0  main.o(i.read_68)
    i.spi_read_byte                          0x08004c3c   Section        0  main.o(i.spi_read_byte)
    i.spi_write_array                        0x08004c42   Section        0  main.o(i.spi_write_array)
    i.spi_write_read                         0x08004c5c   Section        0  main.o(i.spi_write_read)
    i.wakeup_sleep                           0x08004c9c   Section        0  main.o(i.wakeup_sleep)
    i.writeConfOnly                          0x08004ce4   Section        0  main.o(i.writeConfOnly)
    i.write_68                               0x08004d44   Section        0  main.o(i.write_68)
    x$fpl$basic                              0x08004dd4   Section       24  basic.o(x$fpl$basic)
    $v0                                      0x08004dd4   Number         0  basic.o(x$fpl$basic)
    x$fpl$d2f                                0x08004dec   Section       98  d2f.o(x$fpl$d2f)
    $v0                                      0x08004dec   Number         0  d2f.o(x$fpl$d2f)
    x$fpl$dadd                               0x08004e50   Section      336  daddsub_clz.o(x$fpl$dadd)
    $v0                                      0x08004e50   Number         0  daddsub_clz.o(x$fpl$dadd)
    _dadd1                                   0x08004e61   Thumb Code     0  daddsub_clz.o(x$fpl$dadd)
    x$fpl$dcmpinf                            0x08004fa0   Section       24  dcmpi.o(x$fpl$dcmpinf)
    $v0                                      0x08004fa0   Number         0  dcmpi.o(x$fpl$dcmpinf)
    x$fpl$ddiv                               0x08004fb8   Section      688  ddiv.o(x$fpl$ddiv)
    $v0                                      0x08004fb8   Number         0  ddiv.o(x$fpl$ddiv)
    ddiv_entry                               0x08004fbf   Thumb Code     0  ddiv.o(x$fpl$ddiv)
    x$fpl$deqf                               0x08005268   Section      120  deqf.o(x$fpl$deqf)
    $v0                                      0x08005268   Number         0  deqf.o(x$fpl$deqf)
    x$fpl$dflt                               0x080052e0   Section       46  dflt_clz.o(x$fpl$dflt)
    $v0                                      0x080052e0   Number         0  dflt_clz.o(x$fpl$dflt)
    x$fpl$dfltu                              0x0800530e   Section       38  dflt_clz.o(x$fpl$dfltu)
    $v0                                      0x0800530e   Number         0  dflt_clz.o(x$fpl$dfltu)
    x$fpl$dmul                               0x08005334   Section      340  dmul.o(x$fpl$dmul)
    $v0                                      0x08005334   Number         0  dmul.o(x$fpl$dmul)
    x$fpl$dnaninf                            0x08005488   Section      156  dnaninf.o(x$fpl$dnaninf)
    $v0                                      0x08005488   Number         0  dnaninf.o(x$fpl$dnaninf)
    x$fpl$dretinf                            0x08005524   Section       12  dretinf.o(x$fpl$dretinf)
    $v0                                      0x08005524   Number         0  dretinf.o(x$fpl$dretinf)
    x$fpl$drsb                               0x08005530   Section       22  daddsub_clz.o(x$fpl$drsb)
    $v0                                      0x08005530   Number         0  daddsub_clz.o(x$fpl$drsb)
    x$fpl$dsub                               0x08005548   Section      468  daddsub_clz.o(x$fpl$dsub)
    $v0                                      0x08005548   Number         0  daddsub_clz.o(x$fpl$dsub)
    _dsub1                                   0x08005559   Thumb Code     0  daddsub_clz.o(x$fpl$dsub)
    x$fpl$f2d                                0x0800571c   Section       86  f2d.o(x$fpl$f2d)
    $v0                                      0x0800571c   Number         0  f2d.o(x$fpl$f2d)
    x$fpl$fnaninf                            0x08005772   Section      140  fnaninf.o(x$fpl$fnaninf)
    $v0                                      0x08005772   Number         0  fnaninf.o(x$fpl$fnaninf)
    x$fpl$fpinit                             0x080057fe   Section       10  fpinit.o(x$fpl$fpinit)
    $v0                                      0x080057fe   Number         0  fpinit.o(x$fpl$fpinit)
    x$fpl$fretinf                            0x08005808   Section       10  fretinf.o(x$fpl$fretinf)
    $v0                                      0x08005808   Number         0  fretinf.o(x$fpl$fretinf)
    .constdata                               0x08005812   Section     1024  main.o(.constdata)
    x$fpl$usenofp                            0x08005812   Section        0  usenofp.o(x$fpl$usenofp)
    .constdata                               0x08005c12   Section       16  system_stm32f4xx.o(.constdata)
    .constdata                               0x08005c28   Section       56  log.o(.constdata)
    Lg2                                      0x08005c28   Data          24  log.o(.constdata)
    Lg                                       0x08005c40   Data          32  log.o(.constdata)
    .constdata                               0x08005c60   Section        8  qnan.o(.constdata)
    .data                                    0x20000000   Section      884  main.o(.data)
    .data                                    0x20000374   Section        4  can.o(.data)
    HAL_RCC_CAN1_CLK_ENABLED                 0x20000374   Data           4  can.o(.data)
    .data                                    0x20000378   Section       12  stm32f4xx_hal.o(.data)
    .data                                    0x20000384   Section        4  system_stm32f4xx.o(.data)
    .bss                                     0x20000388   Section     1612  main.o(.bss)
    .bss                                     0x200009d4   Section      132  can.o(.bss)
    .bss                                     0x20000a58   Section       88  spi.o(.bss)
    .bss                                     0x20000ab0   Section      288  tim.o(.bss)
    .bss                                     0x20000bd0   Section       96  libspace.o(.bss)
    HEAP                                     0x20000c30   Section      512  startup_stm32f407xx.o(HEAP)
    Heap_Mem                                 0x20000c30   Data         512  startup_stm32f407xx.o(HEAP)
    STACK                                    0x20000e30   Section     1024  startup_stm32f407xx.o(STACK)
    Stack_Mem                                0x20000e30   Data        1024  startup_stm32f407xx.o(STACK)
    __initial_sp                             0x20001230   Data           0  startup_stm32f407xx.o(STACK)

    Global Symbols

    Symbol Name                              Value     Ov Type        Size  Object(Section)

    BuildAttributes$$THM_ISAv4$E$P$D$K$B$S$7EM$VFPi3$EXTD16$VFPS$VFMA$PE$A:L22UL41UL21$X:L11$S22US41US21$IEEE1$IW$USESV6$~STKCKD$USESV7$~SHL$OTIME$ROPI$IEEEX$EBA8$UX$STANDARDLIB$REQ8$PRES8$EABIv2 0x00000000   Number         0  anon$$obj.o ABSOLUTE
    __ARM_use_no_argv                        0x00000000   Number         0  main.o ABSOLUTE
    __ARM_exceptions_init                     - Undefined Weak Reference
    __alloca_initialize                       - Undefined Weak Reference
    __arm_preinit_                            - Undefined Weak Reference
    __cpp_initialize__aeabi_                  - Undefined Weak Reference
    __cxa_finalize                            - Undefined Weak Reference
    __rt_locale                               - Undefined Weak Reference
    __sigvec_lookup                           - Undefined Weak Reference
    __user_heap_extent                        - Undefined Weak Reference
    _atexit_init                              - Undefined Weak Reference
    _call_atexit_fns                          - Undefined Weak Reference
    _clock_init                               - Undefined Weak Reference
    _fp_trap_init                             - Undefined Weak Reference
    _fp_trap_shutdown                         - Undefined Weak Reference
    _get_lc_collate                           - Undefined Weak Reference
    _get_lc_ctype                             - Undefined Weak Reference
    _get_lc_monetary                          - Undefined Weak Reference
    _get_lc_numeric                           - Undefined Weak Reference
    _get_lc_time                              - Undefined Weak Reference
    _getenv_init                              - Undefined Weak Reference
    _handle_redirection                       - Undefined Weak Reference
    _initio                                   - Undefined Weak Reference
    _mutex_acquire                            - Undefined Weak Reference
    _mutex_free                               - Undefined Weak Reference
    _mutex_release                            - Undefined Weak Reference
    _rand_init                                - Undefined Weak Reference
    _signal_finish                            - Undefined Weak Reference
    _signal_init                              - Undefined Weak Reference
    _terminateio                              - Undefined Weak Reference
    __Vectors_Size                           0x00000188   Number         0  startup_stm32f407xx.o ABSOLUTE
    __Vectors                                0x08000000   Data           4  startup_stm32f407xx.o(RESET)
    __Vectors_End                            0x08000188   Data           0  startup_stm32f407xx.o(RESET)
    __main                                   0x08000189   Thumb Code     8  __main.o(!!!main)
    __scatterload                            0x08000191   Thumb Code     0  __scatter.o(!!!scatter)
    __scatterload_rt2                        0x08000191   Thumb Code    44  __scatter.o(!!!scatter)
    __scatterload_rt2_thumb_only             0x08000191   Thumb Code     0  __scatter.o(!!!scatter)
    __scatterload_null                       0x0800019f   Thumb Code     0  __scatter.o(!!!scatter)
    __decompress                             0x080001c5   Thumb Code    90  __dczerorl2.o(!!dczerorl2)
    __decompress1                            0x080001c5   Thumb Code     0  __dczerorl2.o(!!dczerorl2)
    __scatterload_zeroinit                   0x08000221   Thumb Code    28  __scatter_zi.o(!!handler_zi)
    __rt_lib_init                            0x0800023d   Thumb Code     0  libinit.o(.ARM.Collect$$libinit$$00000000)
    __rt_lib_init_fp_1                       0x0800023f   Thumb Code     0  libinit2.o(.ARM.Collect$$libinit$$00000001)
    __rt_lib_init_heap_2                     0x08000243   Thumb Code     0  libinit2.o(.ARM.Collect$$libinit$$00000005)
    __rt_lib_init_preinit_1                  0x08000243   Thumb Code     0  libinit2.o(.ARM.Collect$$libinit$$00000004)
    __rt_lib_init_alloca_1                   0x0800024b   Thumb Code     0  libinit2.o(.ARM.Collect$$libinit$$0000002E)
    __rt_lib_init_argv_1                     0x0800024b   Thumb Code     0  libinit2.o(.ARM.Collect$$libinit$$0000002C)
    __rt_lib_init_atexit_1                   0x0800024b   Thumb Code     0  libinit2.o(.ARM.Collect$$libinit$$0000001B)
    __rt_lib_init_clock_1                    0x0800024b   Thumb Code     0  libinit2.o(.ARM.Collect$$libinit$$00000021)
    __rt_lib_init_cpp_1                      0x0800024b   Thumb Code     0  libinit2.o(.ARM.Collect$$libinit$$00000032)
    __rt_lib_init_exceptions_1               0x0800024b   Thumb Code     0  libinit2.o(.ARM.Collect$$libinit$$00000030)
    __rt_lib_init_fp_trap_1                  0x0800024b   Thumb Code     0  libinit2.o(.ARM.Collect$$libinit$$0000001F)
    __rt_lib_init_getenv_1                   0x0800024b   Thumb Code     0  libinit2.o(.ARM.Collect$$libinit$$00000023)
    __rt_lib_init_heap_1                     0x0800024b   Thumb Code     0  libinit2.o(.ARM.Collect$$libinit$$0000000A)
    __rt_lib_init_lc_collate_1               0x0800024b   Thumb Code     0  libinit2.o(.ARM.Collect$$libinit$$00000011)
    __rt_lib_init_lc_ctype_1                 0x0800024b   Thumb Code     0  libinit2.o(.ARM.Collect$$libinit$$00000013)
    __rt_lib_init_lc_monetary_1              0x0800024b   Thumb Code     0  libinit2.o(.ARM.Collect$$libinit$$00000015)
    __rt_lib_init_lc_numeric_1               0x0800024b   Thumb Code     0  libinit2.o(.ARM.Collect$$libinit$$00000017)
    __rt_lib_init_lc_time_1                  0x0800024b   Thumb Code     0  libinit2.o(.ARM.Collect$$libinit$$00000019)
    __rt_lib_init_rand_1                     0x0800024b   Thumb Code     0  libinit2.o(.ARM.Collect$$libinit$$0000000E)
    __rt_lib_init_return                     0x0800024b   Thumb Code     0  libinit2.o(.ARM.Collect$$libinit$$00000033)
    __rt_lib_init_signal_1                   0x0800024b   Thumb Code     0  libinit2.o(.ARM.Collect$$libinit$$0000001D)
    __rt_lib_init_stdio_1                    0x0800024b   Thumb Code     0  libinit2.o(.ARM.Collect$$libinit$$00000025)
    __rt_lib_init_user_alloc_1               0x0800024b   Thumb Code     0  libinit2.o(.ARM.Collect$$libinit$$0000000C)
    __rt_lib_shutdown                        0x0800024d   Thumb Code     0  libshutdown.o(.ARM.Collect$$libshutdown$$00000000)
    __rt_lib_shutdown_fp_trap_1              0x0800024f   Thumb Code     0  libshutdown2.o(.ARM.Collect$$libshutdown$$00000006)
    __rt_lib_shutdown_heap_1                 0x0800024f   Thumb Code     0  libshutdown2.o(.ARM.Collect$$libshutdown$$0000000E)
    __rt_lib_shutdown_return                 0x0800024f   Thumb Code     0  libshutdown2.o(.ARM.Collect$$libshutdown$$0000000F)
    __rt_lib_shutdown_signal_1               0x0800024f   Thumb Code     0  libshutdown2.o(.ARM.Collect$$libshutdown$$00000009)
    __rt_lib_shutdown_stdio_1                0x0800024f   Thumb Code     0  libshutdown2.o(.ARM.Collect$$libshutdown$$00000003)
    __rt_lib_shutdown_user_alloc_1           0x0800024f   Thumb Code     0  libshutdown2.o(.ARM.Collect$$libshutdown$$0000000B)
    __rt_entry                               0x08000251   Thumb Code     0  __rtentry.o(.ARM.Collect$$rtentry$$00000000)
    __rt_entry_presh_1                       0x08000251   Thumb Code     0  __rtentry2.o(.ARM.Collect$$rtentry$$00000002)
    __rt_entry_sh                            0x08000251   Thumb Code     0  __rtentry4.o(.ARM.Collect$$rtentry$$00000004)
    __rt_entry_li                            0x08000257   Thumb Code     0  __rtentry2.o(.ARM.Collect$$rtentry$$0000000A)
    __rt_entry_postsh_1                      0x08000257   Thumb Code     0  __rtentry2.o(.ARM.Collect$$rtentry$$00000009)
    __rt_entry_main                          0x0800025b   Thumb Code     0  __rtentry2.o(.ARM.Collect$$rtentry$$0000000D)
    __rt_entry_postli_1                      0x0800025b   Thumb Code     0  __rtentry2.o(.ARM.Collect$$rtentry$$0000000C)
    __rt_exit                                0x08000263   Thumb Code     0  rtexit.o(.ARM.Collect$$rtexit$$00000000)
    __rt_exit_ls                             0x08000265   Thumb Code     0  rtexit2.o(.ARM.Collect$$rtexit$$00000003)
    __rt_exit_prels_1                        0x08000265   Thumb Code     0  rtexit2.o(.ARM.Collect$$rtexit$$00000002)
    __rt_exit_exit                           0x08000269   Thumb Code     0  rtexit2.o(.ARM.Collect$$rtexit$$00000004)
    Reset_Handler                            0x08000271   Thumb Code     8  startup_stm32f407xx.o(.text)
    _maybe_terminate_alloc                   0x08000271   Thumb Code     0  maybetermalloc1.o(.emb_text)
    ADC_IRQHandler                           0x0800028b   Thumb Code     0  startup_stm32f407xx.o(.text)
    CAN1_RX1_IRQHandler                      0x0800028b   Thumb Code     0  startup_stm32f407xx.o(.text)
    CAN1_SCE_IRQHandler                      0x0800028b   Thumb Code     0  startup_stm32f407xx.o(.text)
    CAN1_TX_IRQHandler                       0x0800028b   Thumb Code     0  startup_stm32f407xx.o(.text)
    CAN2_RX1_IRQHandler                      0x0800028b   Thumb Code     0  startup_stm32f407xx.o(.text)
    CAN2_SCE_IRQHandler                      0x0800028b   Thumb Code     0  startup_stm32f407xx.o(.text)
    CAN2_TX_IRQHandler                       0x0800028b   Thumb Code     0  startup_stm32f407xx.o(.text)
    DCMI_IRQHandler                          0x0800028b   Thumb Code     0  startup_stm32f407xx.o(.text)
    DMA1_Stream0_IRQHandler                  0x0800028b   Thumb Code     0  startup_stm32f407xx.o(.text)
    DMA1_Stream1_IRQHandler                  0x0800028b   Thumb Code     0  startup_stm32f407xx.o(.text)
    DMA1_Stream2_IRQHandler                  0x0800028b   Thumb Code     0  startup_stm32f407xx.o(.text)
    DMA1_Stream3_IRQHandler                  0x0800028b   Thumb Code     0  startup_stm32f407xx.o(.text)
    DMA1_Stream4_IRQHandler                  0x0800028b   Thumb Code     0  startup_stm32f407xx.o(.text)
    DMA1_Stream5_IRQHandler                  0x0800028b   Thumb Code     0  startup_stm32f407xx.o(.text)
    DMA1_Stream6_IRQHandler                  0x0800028b   Thumb Code     0  startup_stm32f407xx.o(.text)
    DMA1_Stream7_IRQHandler                  0x0800028b   Thumb Code     0  startup_stm32f407xx.o(.text)
    DMA2_Stream0_IRQHandler                  0x0800028b   Thumb Code     0  startup_stm32f407xx.o(.text)
    DMA2_Stream1_IRQHandler                  0x0800028b   Thumb Code     0  startup_stm32f407xx.o(.text)
    DMA2_Stream2_IRQHandler                  0x0800028b   Thumb Code     0  startup_stm32f407xx.o(.text)
    DMA2_Stream3_IRQHandler                  0x0800028b   Thumb Code     0  startup_stm32f407xx.o(.text)
    DMA2_Stream4_IRQHandler                  0x0800028b   Thumb Code     0  startup_stm32f407xx.o(.text)
    DMA2_Stream5_IRQHandler                  0x0800028b   Thumb Code     0  startup_stm32f407xx.o(.text)
    DMA2_Stream6_IRQHandler                  0x0800028b   Thumb Code     0  startup_stm32f407xx.o(.text)
    DMA2_Stream7_IRQHandler                  0x0800028b   Thumb Code     0  startup_stm32f407xx.o(.text)
    ETH_IRQHandler                           0x0800028b   Thumb Code     0  startup_stm32f407xx.o(.text)
    ETH_WKUP_IRQHandler                      0x0800028b   Thumb Code     0  startup_stm32f407xx.o(.text)
    EXTI0_IRQHandler                         0x0800028b   Thumb Code     0  startup_stm32f407xx.o(.text)
    EXTI15_10_IRQHandler                     0x0800028b   Thumb Code     0  startup_stm32f407xx.o(.text)
    EXTI1_IRQHandler                         0x0800028b   Thumb Code     0  startup_stm32f407xx.o(.text)
    EXTI2_IRQHandler                         0x0800028b   Thumb Code     0  startup_stm32f407xx.o(.text)
    EXTI3_IRQHandler                         0x0800028b   Thumb Code     0  startup_stm32f407xx.o(.text)
    EXTI4_IRQHandler                         0x0800028b   Thumb Code     0  startup_stm32f407xx.o(.text)
    EXTI9_5_IRQHandler                       0x0800028b   Thumb Code     0  startup_stm32f407xx.o(.text)
    FLASH_IRQHandler                         0x0800028b   Thumb Code     0  startup_stm32f407xx.o(.text)
    FMC_IRQHandler                           0x0800028b   Thumb Code     0  startup_stm32f407xx.o(.text)
    FPU_IRQHandler                           0x0800028b   Thumb Code     0  startup_stm32f407xx.o(.text)
    HASH_RNG_IRQHandler                      0x0800028b   Thumb Code     0  startup_stm32f407xx.o(.text)
    I2C1_ER_IRQHandler                       0x0800028b   Thumb Code     0  startup_stm32f407xx.o(.text)
    I2C1_EV_IRQHandler                       0x0800028b   Thumb Code     0  startup_stm32f407xx.o(.text)
    I2C2_ER_IRQHandler                       0x0800028b   Thumb Code     0  startup_stm32f407xx.o(.text)
    I2C2_EV_IRQHandler                       0x0800028b   Thumb Code     0  startup_stm32f407xx.o(.text)
    I2C3_ER_IRQHandler                       0x0800028b   Thumb Code     0  startup_stm32f407xx.o(.text)
    I2C3_EV_IRQHandler                       0x0800028b   Thumb Code     0  startup_stm32f407xx.o(.text)
    OTG_FS_IRQHandler                        0x0800028b   Thumb Code     0  startup_stm32f407xx.o(.text)
    OTG_FS_WKUP_IRQHandler                   0x0800028b   Thumb Code     0  startup_stm32f407xx.o(.text)
    OTG_HS_EP1_IN_IRQHandler                 0x0800028b   Thumb Code     0  startup_stm32f407xx.o(.text)
    OTG_HS_EP1_OUT_IRQHandler                0x0800028b   Thumb Code     0  startup_stm32f407xx.o(.text)
    OTG_HS_IRQHandler                        0x0800028b   Thumb Code     0  startup_stm32f407xx.o(.text)
    OTG_HS_WKUP_IRQHandler                   0x0800028b   Thumb Code     0  startup_stm32f407xx.o(.text)
    PVD_IRQHandler                           0x0800028b   Thumb Code     0  startup_stm32f407xx.o(.text)
    RCC_IRQHandler                           0x0800028b   Thumb Code     0  startup_stm32f407xx.o(.text)
    RTC_Alarm_IRQHandler                     0x0800028b   Thumb Code     0  startup_stm32f407xx.o(.text)
    RTC_WKUP_IRQHandler                      0x0800028b   Thumb Code     0  startup_stm32f407xx.o(.text)
    SDIO_IRQHandler                          0x0800028b   Thumb Code     0  startup_stm32f407xx.o(.text)
    SPI1_IRQHandler                          0x0800028b   Thumb Code     0  startup_stm32f407xx.o(.text)
    SPI2_IRQHandler                          0x0800028b   Thumb Code     0  startup_stm32f407xx.o(.text)
    SPI3_IRQHandler                          0x0800028b   Thumb Code     0  startup_stm32f407xx.o(.text)
    TAMP_STAMP_IRQHandler                    0x0800028b   Thumb Code     0  startup_stm32f407xx.o(.text)
    TIM1_BRK_TIM9_IRQHandler                 0x0800028b   Thumb Code     0  startup_stm32f407xx.o(.text)
    TIM1_CC_IRQHandler                       0x0800028b   Thumb Code     0  startup_stm32f407xx.o(.text)
    TIM1_TRG_COM_TIM11_IRQHandler            0x0800028b   Thumb Code     0  startup_stm32f407xx.o(.text)
    TIM1_UP_TIM10_IRQHandler                 0x0800028b   Thumb Code     0  startup_stm32f407xx.o(.text)
    TIM5_IRQHandler                          0x0800028b   Thumb Code     0  startup_stm32f407xx.o(.text)
    TIM6_DAC_IRQHandler                      0x0800028b   Thumb Code     0  startup_stm32f407xx.o(.text)
    TIM7_IRQHandler                          0x0800028b   Thumb Code     0  startup_stm32f407xx.o(.text)
    TIM8_BRK_TIM12_IRQHandler                0x0800028b   Thumb Code     0  startup_stm32f407xx.o(.text)
    TIM8_CC_IRQHandler                       0x0800028b   Thumb Code     0  startup_stm32f407xx.o(.text)
    TIM8_TRG_COM_TIM14_IRQHandler            0x0800028b   Thumb Code     0  startup_stm32f407xx.o(.text)
    TIM8_UP_TIM13_IRQHandler                 0x0800028b   Thumb Code     0  startup_stm32f407xx.o(.text)
    UART4_IRQHandler                         0x0800028b   Thumb Code     0  startup_stm32f407xx.o(.text)
    UART5_IRQHandler                         0x0800028b   Thumb Code     0  startup_stm32f407xx.o(.text)
    USART1_IRQHandler                        0x0800028b   Thumb Code     0  startup_stm32f407xx.o(.text)
    USART2_IRQHandler                        0x0800028b   Thumb Code     0  startup_stm32f407xx.o(.text)
    USART3_IRQHandler                        0x0800028b   Thumb Code     0  startup_stm32f407xx.o(.text)
    USART6_IRQHandler                        0x0800028b   Thumb Code     0  startup_stm32f407xx.o(.text)
    WWDG_IRQHandler                          0x0800028b   Thumb Code     0  startup_stm32f407xx.o(.text)
    __user_initial_stackheap                 0x0800028d   Thumb Code     0  startup_stm32f407xx.o(.text)
    malloc                                   0x080002b1   Thumb Code    94  h1_alloc.o(.text)
    free                                     0x0800030f   Thumb Code    78  h1_free.o(.text)
    __aeabi_uldivmod                         0x0800035d   Thumb Code     0  lludivv7m.o(.text)
    _ll_udiv                                 0x0800035d   Thumb Code   238  lludivv7m.o(.text)
    __aeabi_memclr4                          0x0800044b   Thumb Code     0  rt_memclr_w.o(.text)
    __aeabi_memclr8                          0x0800044b   Thumb Code     0  rt_memclr_w.o(.text)
    __rt_memclr_w                            0x0800044b   Thumb Code    78  rt_memclr_w.o(.text)
    _memset_w                                0x0800044f   Thumb Code     0  rt_memclr_w.o(.text)
    __use_two_region_memory                  0x08000499   Thumb Code     2  heapauxi.o(.text)
    __rt_heap_escrow                         0x0800049b   Thumb Code     2  heapauxi.o(.text)
    __rt_heap_expand                         0x0800049d   Thumb Code     2  heapauxi.o(.text)
    __rt_heap_descriptor                     0x080004a1   Thumb Code     8  rt_heap_descriptor_intlibspace.o(.text)
    __use_no_heap                            0x080004a9   Thumb Code     2  hguard.o(.text)
    __heap$guard                             0x080004ab   Thumb Code     2  hguard.o(.text)
    _terminate_user_alloc                    0x080004ad   Thumb Code     2  init_alloc.o(.text)
    _init_user_alloc                         0x080004af   Thumb Code     2  init_alloc.o(.text)
    __Heap_Full                              0x080004b1   Thumb Code    34  init_alloc.o(.text)
    __Heap_Broken                            0x080004d3   Thumb Code     6  init_alloc.o(.text)
    _init_alloc                              0x080004d9   Thumb Code    94  init_alloc.o(.text)
    __Heap_Initialize                        0x08000537   Thumb Code    10  h1_init.o(.text)
    __Heap_DescSize                          0x08000541   Thumb Code     4  h1_init.o(.text)
    __read_errno                             0x08000545   Thumb Code    10  _rserrno.o(.text)
    __set_errno                              0x0800054f   Thumb Code    12  _rserrno.o(.text)
    __user_libspace                          0x0800055d   Thumb Code     8  libspace.o(.text)
    __user_perproc_libspace                  0x0800055d   Thumb Code     0  libspace.o(.text)
    __user_perthread_libspace                0x0800055d   Thumb Code     0  libspace.o(.text)
    __aeabi_errno_addr                       0x08000565   Thumb Code     8  rt_errno_addr_intlibspace.o(.text)
    __errno$intlibspace                      0x08000565   Thumb Code     0  rt_errno_addr_intlibspace.o(.text)
    __rt_errno_addr$intlibspace              0x08000565   Thumb Code     0  rt_errno_addr_intlibspace.o(.text)
    __Heap_ProvideMemory                     0x0800056d   Thumb Code    52  h1_extend.o(.text)
    __rt_SIGRTMEM                            0x080005a1   Thumb Code    14  defsig_rtmem_outer.o(.text)
    __I$use$semihosting                      0x080005af   Thumb Code     0  use_no_semi.o(.text)
    __use_no_semihosting_swi                 0x080005af   Thumb Code     2  use_no_semi.o(.text)
    __semihosting_library_function           0x080005b1   Thumb Code     0  indicate_semi.o(.text)
    __user_setup_stackheap                   0x080005b1   Thumb Code    74  sys_stackheap_outer.o(.text)
    exit                                     0x080005fb   Thumb Code    12  exit.o(.text)
    __sig_exit                               0x08000607   Thumb Code    10  defsig_exit.o(.text)
    __rt_SIGRTMEM_inner                      0x08000611   Thumb Code    22  defsig_rtmem_inner.o(.text)
    _sys_exit                                0x08000661   Thumb Code     8  sys_exit.o(.text)
    __default_signal_display                 0x0800066d   Thumb Code    50  defsig_general.o(.text)
    _ttywrch                                 0x0800069f   Thumb Code    14  sys_wrch.o(.text)
    ADBMS6815_adax                           0x080006ad   Thumb Code    28  main.o(i.ADBMS6815_adax)
    ADBMS6815_adcv                           0x080006c9   Thumb Code    34  main.o(i.ADBMS6815_adcv)
    ADBMS6815_adstat                         0x080006ed   Thumb Code    84  main.o(i.ADBMS6815_adstat)
    ADBMS6815_check_pec                      0x08000745   Thumb Code   196  main.o(i.ADBMS6815_check_pec)
    ADBMS6815_clear_discharge                0x08000809   Thumb Code    36  main.o(i.ADBMS6815_clear_discharge)
    ADBMS6815_init_reg_limits                0x0800082d   Thumb Code    44  main.o(i.ADBMS6815_init_reg_limits)
    ADBMS6815_mute                           0x08000859   Thumb Code    22  main.o(i.ADBMS6815_mute)
    ADBMS6815_pladc                          0x08000871   Thumb Code   116  main.o(i.ADBMS6815_pladc)
    ADBMS6815_rdasall                        0x080008ed   Thumb Code   486  main.o(i.ADBMS6815_rdasall)
    ADBMS6815_rdasall_reg                    0x08000ad5   Thumb Code    90  main.o(i.ADBMS6815_rdasall_reg)
    ADBMS6815_rdcfg                          0x08000b35   Thumb Code    26  main.o(i.ADBMS6815_rdcfg)
    ADBMS6815_rdcfga                         0x08000b51   Thumb Code    90  main.o(i.ADBMS6815_rdcfga)
    ADBMS6815_rdcfgb                         0x08000bb1   Thumb Code    90  main.o(i.ADBMS6815_rdcfgb)
    ADBMS6815_rdcv                           0x08000c11   Thumb Code   100  main.o(i.ADBMS6815_rdcv)
    ADBMS6815_rdcv_reg                       0x08000c75   Thumb Code   120  main.o(i.ADBMS6815_rdcv_reg)
    ADBMS6815_rdcvall                        0x08000cf1   Thumb Code    90  main.o(i.ADBMS6815_rdcvall)
    ADBMS6815_rdstat                         0x08000d51   Thumb Code   662  main.o(i.ADBMS6815_rdstat)
    ADBMS6815_rdstat_reg                     0x08000fe9   Thumb Code   112  main.o(i.ADBMS6815_rdstat_reg)
    ADBMS6815_reset_crc_count                0x0800105d   Thumb Code    78  main.o(i.ADBMS6815_reset_crc_count)
    ADBMS6815_set_cfgr                       0x080010ab   Thumb Code   198  main.o(i.ADBMS6815_set_cfgr)
    ADBMS6815_set_cfgr_adcopt                0x08001171   Thumb Code    22  main.o(i.ADBMS6815_set_cfgr_adcopt)
    ADBMS6815_set_cfgr_commBk                0x08001187   Thumb Code    22  main.o(i.ADBMS6815_set_cfgr_commBk)
    ADBMS6815_set_cfgr_cvmin                 0x0800119d   Thumb Code    42  main.o(i.ADBMS6815_set_cfgr_cvmin)
    ADBMS6815_set_cfgr_dcto                  0x080011c7   Thumb Code    38  main.o(i.ADBMS6815_set_cfgr_dcto)
    ADBMS6815_set_cfgr_dis                   0x080011ed   Thumb Code    68  main.o(i.ADBMS6815_set_cfgr_dis)
    ADBMS6815_set_cfgr_dtmen                 0x08001231   Thumb Code    22  main.o(i.ADBMS6815_set_cfgr_dtmen)
    ADBMS6815_set_cfgr_dtrng                 0x08001247   Thumb Code    22  main.o(i.ADBMS6815_set_cfgr_dtrng)
    ADBMS6815_set_cfgr_flagD                 0x0800125d   Thumb Code    38  main.o(i.ADBMS6815_set_cfgr_flagD)
    ADBMS6815_set_cfgr_gpo                   0x08001283   Thumb Code    38  main.o(i.ADBMS6815_set_cfgr_gpo)
    ADBMS6815_set_cfgr_mcal                  0x080012a9   Thumb Code    22  main.o(i.ADBMS6815_set_cfgr_mcal)
    ADBMS6815_set_cfgr_owa                   0x080012bf   Thumb Code    42  main.o(i.ADBMS6815_set_cfgr_owa)
    ADBMS6815_set_cfgr_owc                   0x080012e9   Thumb Code    38  main.o(i.ADBMS6815_set_cfgr_owc)
    ADBMS6815_set_cfgr_owrng                 0x0800130f   Thumb Code    22  main.o(i.ADBMS6815_set_cfgr_owrng)
    ADBMS6815_set_cfgr_ps                    0x08001325   Thumb Code    42  main.o(i.ADBMS6815_set_cfgr_ps)
    ADBMS6815_set_cfgr_refon                 0x0800134f   Thumb Code    22  main.o(i.ADBMS6815_set_cfgr_refon)
    ADBMS6815_set_cfgr_soakon                0x08001365   Thumb Code    22  main.o(i.ADBMS6815_set_cfgr_soakon)
    ADBMS6815_set_cfgr_vov                   0x0800137b   Thumb Code    24  main.o(i.ADBMS6815_set_cfgr_vov)
    ADBMS6815_set_cfgr_vuv                   0x08001393   Thumb Code    22  main.o(i.ADBMS6815_set_cfgr_vuv)
    ADBMS6815_set_discharge                  0x080013a9   Thumb Code    36  main.o(i.ADBMS6815_set_discharge)
    ADBMS6815_unmute                         0x080013cd   Thumb Code    22  main.o(i.ADBMS6815_unmute)
    ADBMS6815_wrcfg                          0x080013e3   Thumb Code    22  main.o(i.ADBMS6815_wrcfg)
    ADBMS6815_wrcfga                         0x080013f9   Thumb Code    48  main.o(i.ADBMS6815_wrcfga)
    ADBMS6815_wrcfgb                         0x0800142d   Thumb Code    50  main.o(i.ADBMS6815_wrcfgb)
    BusFault_Handler                         0x08001465   Thumb Code     2  stm32f4xx_it.o(i.BusFault_Handler)
    CAN1_Config                              0x08001469   Thumb Code    88  can.o(i.CAN1_Config)
    CAN1_RX0_IRQHandler                      0x080014c5   Thumb Code     6  stm32f4xx_it.o(i.CAN1_RX0_IRQHandler)
    CAN1_Send_Msg                            0x080014d1   Thumb Code    50  can.o(i.CAN1_Send_Msg)
    CAN2_Config                              0x08001509   Thumb Code    90  can.o(i.CAN2_Config)
    CAN2_RX0_IRQHandler                      0x08001569   Thumb Code     6  stm32f4xx_it.o(i.CAN2_RX0_IRQHandler)
    CAN2_Send_Msg                            0x08001575   Thumb Code    50  can.o(i.CAN2_Send_Msg)
    CANReInit                                0x080015ad   Thumb Code    46  main.o(i.CANReInit)
    DebugMon_Handler                         0x080015db   Thumb Code     2  stm32f4xx_it.o(i.DebugMon_Handler)
    Error_Handler                            0x080015dd   Thumb Code     4  main.o(i.Error_Handler)
    HAL_CAN_ActivateNotification             0x080015e1   Thumb Code    36  stm32f4xx_hal_can.o(i.HAL_CAN_ActivateNotification)
    HAL_CAN_AddTxMessage                     0x08001605   Thumb Code   200  stm32f4xx_hal_can.o(i.HAL_CAN_AddTxMessage)
    HAL_CAN_ConfigFilter                     0x080016cd   Thumb Code   262  stm32f4xx_hal_can.o(i.HAL_CAN_ConfigFilter)
    HAL_CAN_ErrorCallback                    0x080017d9   Thumb Code    64  main.o(i.HAL_CAN_ErrorCallback)
    HAL_CAN_GetRxMessage                     0x08001829   Thumb Code   232  stm32f4xx_hal_can.o(i.HAL_CAN_GetRxMessage)
    HAL_CAN_IRQHandler                       0x08001911   Thumb Code   508  stm32f4xx_hal_can.o(i.HAL_CAN_IRQHandler)
    HAL_CAN_Init                             0x08001b0d   Thumb Code   282  stm32f4xx_hal_can.o(i.HAL_CAN_Init)
    HAL_CAN_MspInit                          0x08001c29   Thumb Code   232  can.o(i.HAL_CAN_MspInit)
    HAL_CAN_ResetError                       0x08001d29   Thumb Code    34  stm32f4xx_hal_can.o(i.HAL_CAN_ResetError)
    HAL_CAN_RxFifo0FullCallback              0x08001d4b   Thumb Code     2  stm32f4xx_hal_can.o(i.HAL_CAN_RxFifo0FullCallback)
    HAL_CAN_RxFifo0MsgPendingCallback        0x08001d4d   Thumb Code   278  main.o(i.HAL_CAN_RxFifo0MsgPendingCallback)
    HAL_CAN_RxFifo1FullCallback              0x08001e81   Thumb Code     2  stm32f4xx_hal_can.o(i.HAL_CAN_RxFifo1FullCallback)
    HAL_CAN_RxFifo1MsgPendingCallback        0x08001e83   Thumb Code     2  stm32f4xx_hal_can.o(i.HAL_CAN_RxFifo1MsgPendingCallback)
    HAL_CAN_SleepCallback                    0x08001e85   Thumb Code     2  stm32f4xx_hal_can.o(i.HAL_CAN_SleepCallback)
    HAL_CAN_Start                            0x08001e89   Thumb Code    88  stm32f4xx_hal_can.o(i.HAL_CAN_Start)
    HAL_CAN_TxMailbox0AbortCallback          0x08001ee1   Thumb Code     2  stm32f4xx_hal_can.o(i.HAL_CAN_TxMailbox0AbortCallback)
    HAL_CAN_TxMailbox0CompleteCallback       0x08001ee3   Thumb Code     2  stm32f4xx_hal_can.o(i.HAL_CAN_TxMailbox0CompleteCallback)
    HAL_CAN_TxMailbox1AbortCallback          0x08001ee5   Thumb Code     2  stm32f4xx_hal_can.o(i.HAL_CAN_TxMailbox1AbortCallback)
    HAL_CAN_TxMailbox1CompleteCallback       0x08001ee7   Thumb Code     2  stm32f4xx_hal_can.o(i.HAL_CAN_TxMailbox1CompleteCallback)
    HAL_CAN_TxMailbox2AbortCallback          0x08001ee9   Thumb Code     2  stm32f4xx_hal_can.o(i.HAL_CAN_TxMailbox2AbortCallback)
    HAL_CAN_TxMailbox2CompleteCallback       0x08001eeb   Thumb Code     2  stm32f4xx_hal_can.o(i.HAL_CAN_TxMailbox2CompleteCallback)
    HAL_CAN_WakeUpFromRxMsgCallback          0x08001eed   Thumb Code     2  stm32f4xx_hal_can.o(i.HAL_CAN_WakeUpFromRxMsgCallback)
    HAL_Delay                                0x08001ef1   Thumb Code    32  stm32f4xx_hal.o(i.HAL_Delay)
    HAL_GPIO_Init                            0x08001f15   Thumb Code   450  stm32f4xx_hal_gpio.o(i.HAL_GPIO_Init)
    HAL_GPIO_WritePin                        0x08002105   Thumb Code    10  stm32f4xx_hal_gpio.o(i.HAL_GPIO_WritePin)
    HAL_GetTick                              0x08002111   Thumb Code     6  stm32f4xx_hal.o(i.HAL_GetTick)
    HAL_IncTick                              0x0800211d   Thumb Code    12  stm32f4xx_hal.o(i.HAL_IncTick)
    HAL_Init                                 0x0800212d   Thumb Code    48  stm32f4xx_hal.o(i.HAL_Init)
    HAL_InitTick                             0x08002161   Thumb Code    54  stm32f4xx_hal.o(i.HAL_InitTick)
    HAL_MspInit                              0x080021a1   Thumb Code    42  stm32f4xx_hal_msp.o(i.HAL_MspInit)
    HAL_NVIC_EnableIRQ                       0x080021d1   Thumb Code    26  stm32f4xx_hal_cortex.o(i.HAL_NVIC_EnableIRQ)
    HAL_NVIC_SetPriority                     0x080021ed   Thumb Code    60  stm32f4xx_hal_cortex.o(i.HAL_NVIC_SetPriority)
    HAL_NVIC_SetPriorityGrouping             0x0800222d   Thumb Code    26  stm32f4xx_hal_cortex.o(i.HAL_NVIC_SetPriorityGrouping)
    HAL_NVIC_SystemReset                     0x08002251   Thumb Code    26  stm32f4xx_hal_cortex.o(i.HAL_NVIC_SystemReset)
    HAL_RCC_ClockConfig                      0x08002275   Thumb Code   288  stm32f4xx_hal_rcc.o(i.HAL_RCC_ClockConfig)
    HAL_RCC_GetSysClockFreq                  0x080023a9   Thumb Code    88  stm32f4xx_hal_rcc.o(i.HAL_RCC_GetSysClockFreq)
    HAL_RCC_OscConfig                        0x0800240d   Thumb Code   856  stm32f4xx_hal_rcc.o(i.HAL_RCC_OscConfig)
    HAL_SPI_Init                             0x08002779   Thumb Code   188  stm32f4xx_hal_spi.o(i.HAL_SPI_Init)
    HAL_SPI_MspInit                          0x08002835   Thumb Code    92  spi.o(i.HAL_SPI_MspInit)
    HAL_SYSTICK_Config                       0x0800289d   Thumb Code    40  stm32f4xx_hal_cortex.o(i.HAL_SYSTICK_Config)
    HAL_TIMEx_BreakCallback                  0x080028c5   Thumb Code     2  stm32f4xx_hal_tim_ex.o(i.HAL_TIMEx_BreakCallback)
    HAL_TIMEx_CommutCallback                 0x080028c7   Thumb Code     2  stm32f4xx_hal_tim_ex.o(i.HAL_TIMEx_CommutCallback)
    HAL_TIMEx_MasterConfigSynchronization    0x080028c9   Thumb Code   116  stm32f4xx_hal_tim_ex.o(i.HAL_TIMEx_MasterConfigSynchronization)
    HAL_TIM_Base_Init                        0x08002959   Thumb Code    90  stm32f4xx_hal_tim.o(i.HAL_TIM_Base_Init)
    HAL_TIM_Base_MspInit                     0x080029b5   Thumb Code   144  tim.o(i.HAL_TIM_Base_MspInit)
    HAL_TIM_Base_Start                       0x08002a55   Thumb Code    90  stm32f4xx_hal_tim.o(i.HAL_TIM_Base_Start)
    HAL_TIM_Base_Start_IT                    0x08002acd   Thumb Code   100  stm32f4xx_hal_tim.o(i.HAL_TIM_Base_Start_IT)
    HAL_TIM_Base_Stop                        0x08002b4d   Thumb Code    38  stm32f4xx_hal_tim.o(i.HAL_TIM_Base_Stop)
    HAL_TIM_ConfigClockSource                0x08002b73   Thumb Code   220  stm32f4xx_hal_tim.o(i.HAL_TIM_ConfigClockSource)
    HAL_TIM_IC_CaptureCallback               0x08002c4f   Thumb Code     2  stm32f4xx_hal_tim.o(i.HAL_TIM_IC_CaptureCallback)
    HAL_TIM_IRQHandler                       0x08002c51   Thumb Code   358  stm32f4xx_hal_tim.o(i.HAL_TIM_IRQHandler)
    HAL_TIM_OC_DelayElapsedCallback          0x08002db7   Thumb Code     2  stm32f4xx_hal_tim.o(i.HAL_TIM_OC_DelayElapsedCallback)
    HAL_TIM_PWM_PulseFinishedCallback        0x08002db9   Thumb Code     2  stm32f4xx_hal_tim.o(i.HAL_TIM_PWM_PulseFinishedCallback)
    HAL_TIM_PeriodElapsedCallback            0x08002dbb   Thumb Code     2  stm32f4xx_hal_tim.o(i.HAL_TIM_PeriodElapsedCallback)
    HAL_TIM_TriggerCallback                  0x08002dbd   Thumb Code     2  stm32f4xx_hal_tim.o(i.HAL_TIM_TriggerCallback)
    HardFault_Handler                        0x08002dbf   Thumb Code     2  stm32f4xx_it.o(i.HardFault_Handler)
    MX_CAN1_Init                             0x08002dc1   Thumb Code    60  can.o(i.MX_CAN1_Init)
    MX_CAN2_Init                             0x08002e05   Thumb Code    60  can.o(i.MX_CAN2_Init)
    MX_GPIO_Init                             0x08002e49   Thumb Code   252  gpio.o(i.MX_GPIO_Init)
    MX_SPI1_Init                             0x08002f59   Thumb Code    70  spi.o(i.MX_SPI1_Init)
    MX_TIM2_Init                             0x08002fa9   Thumb Code    98  tim.o(i.MX_TIM2_Init)
    MX_TIM3_Init                             0x08003011   Thumb Code    94  tim.o(i.MX_TIM3_Init)
    MX_TIM4_Init                             0x08003079   Thumb Code    96  tim.o(i.MX_TIM4_Init)
    MX_TIM7_Init                             0x080030e1   Thumb Code    58  tim.o(i.MX_TIM7_Init)
    MemManage_Handler                        0x08003125   Thumb Code     2  stm32f4xx_it.o(i.MemManage_Handler)
    NMI_Handler                              0x08003127   Thumb Code     2  stm32f4xx_it.o(i.NMI_Handler)
    PendSV_Handler                           0x08003129   Thumb Code     2  stm32f4xx_it.o(i.PendSV_Handler)
    SPI1_ReadWriteByte                       0x0800312d   Thumb Code    22  spi.o(i.SPI1_ReadWriteByte)
    SVC_Handler                              0x08003149   Thumb Code     2  stm32f4xx_it.o(i.SVC_Handler)
    SysTick_Handler                          0x0800314b   Thumb Code     4  stm32f4xx_it.o(i.SysTick_Handler)
    SystemClock_Config                       0x08003151   Thumb Code   142  main.o(i.SystemClock_Config)
    SystemInit                               0x080031e9   Thumb Code    12  system_stm32f4xx.o(i.SystemInit)
    TIM2_IRQHandler                          0x080031f9   Thumb Code     6  main.o(i.TIM2_IRQHandler)
    TIM3_IRQHandler                          0x08003205   Thumb Code    30  main.o(i.TIM3_IRQHandler)
    TIM4_IRQHandler                          0x0800322d   Thumb Code    18  main.o(i.TIM4_IRQHandler)
    TIM_Base_SetConfig                       0x08003249   Thumb Code   156  stm32f4xx_hal_tim.o(i.TIM_Base_SetConfig)
    TIM_ETR_SetConfig                        0x08003311   Thumb Code    20  stm32f4xx_hal_tim.o(i.TIM_ETR_SetConfig)
    UploadCVData                             0x0800337d   Thumb Code   144  main.o(i.UploadCVData)
    UploadConfigData                         0x08003419   Thumb Code    94  main.o(i.UploadConfigData)
    UploadMeasureData                        0x08003485   Thumb Code   280  main.o(i.UploadMeasureData)
    UsageFault_Handler                       0x080035b9   Thumb Code     2  stm32f4xx_it.o(i.UsageFault_Handler)
    __hardfp_log                             0x080035e1   Thumb Code   872  log.o(i.__hardfp_log)
    __kernel_poly                            0x080039a5   Thumb Code   248  poly.o(i.__kernel_poly)
    __mathlib_dbl_divzero                    0x08003aa1   Thumb Code    28  dunder.o(i.__mathlib_dbl_divzero)
    __mathlib_dbl_infnan                     0x08003ad1   Thumb Code    20  dunder.o(i.__mathlib_dbl_infnan)
    __mathlib_dbl_invalid                    0x08003ae9   Thumb Code    24  dunder.o(i.__mathlib_dbl_invalid)
    basic_service                            0x08003b09   Thumb Code  2436  main.o(i.basic_service)
    cleartx                                  0x08004491   Thumb Code    16  main.o(i.cleartx)
    cmd_68                                   0x080044a5   Thumb Code    84  main.o(i.cmd_68)
    delay_us                                 0x080044fd   Thumb Code    44  tim.o(i.delay_us)
    first_service                            0x0800452d   Thumb Code   402  main.o(i.first_service)
    main                                     0x080046f1   Thumb Code   778  main.o(i.main)
    mcu_restart                              0x08004a1d   Thumb Code    10  main.o(i.mcu_restart)
    mulitiplexer_switch                      0x08004a29   Thumb Code    62  main.o(i.mulitiplexer_switch)
    parse_allcells                           0x08004a6d   Thumb Code    82  main.o(i.parse_allcells)
    parse_cells                              0x08004abf   Thumb Code    94  main.o(i.parse_cells)
    pec10_calc                               0x08004b1d   Thumb Code    80  main.o(i.pec10_calc)
    pec15_calc                               0x08004b71   Thumb Code    46  main.o(i.pec15_calc)
    read_68                                  0x08004ba5   Thumb Code   148  main.o(i.read_68)
    spi_read_byte                            0x08004c3d   Thumb Code     6  main.o(i.spi_read_byte)
    spi_write_array                          0x08004c43   Thumb Code    26  main.o(i.spi_write_array)
    spi_write_read                           0x08004c5d   Thumb Code    62  main.o(i.spi_write_read)
    wakeup_sleep                             0x08004c9d   Thumb Code    66  main.o(i.wakeup_sleep)
    writeConfOnly                            0x08004ce5   Thumb Code    88  main.o(i.writeConfOnly)
    write_68                                 0x08004d45   Thumb Code   138  main.o(i.write_68)
    __aeabi_dneg                             0x08004dd5   Thumb Code     0  basic.o(x$fpl$basic)
    _dneg                                    0x08004dd5   Thumb Code     6  basic.o(x$fpl$basic)
    __aeabi_fneg                             0x08004ddb   Thumb Code     0  basic.o(x$fpl$basic)
    _fneg                                    0x08004ddb   Thumb Code     6  basic.o(x$fpl$basic)
    _dabs                                    0x08004de1   Thumb Code     6  basic.o(x$fpl$basic)
    _fabs                                    0x08004de7   Thumb Code     6  basic.o(x$fpl$basic)
    __aeabi_d2f                              0x08004ded   Thumb Code     0  d2f.o(x$fpl$d2f)
    _d2f                                     0x08004ded   Thumb Code    98  d2f.o(x$fpl$d2f)
    __aeabi_dadd                             0x08004e51   Thumb Code     0  daddsub_clz.o(x$fpl$dadd)
    _dadd                                    0x08004e51   Thumb Code   332  daddsub_clz.o(x$fpl$dadd)
    __fpl_dcmp_Inf                           0x08004fa1   Thumb Code    24  dcmpi.o(x$fpl$dcmpinf)
    __aeabi_ddiv                             0x08004fb9   Thumb Code     0  ddiv.o(x$fpl$ddiv)
    _ddiv                                    0x08004fb9   Thumb Code   552  ddiv.o(x$fpl$ddiv)
    __aeabi_cdcmpeq                          0x08005269   Thumb Code     0  deqf.o(x$fpl$deqf)
    _dcmpeq                                  0x08005269   Thumb Code   120  deqf.o(x$fpl$deqf)
    __aeabi_i2d                              0x080052e1   Thumb Code     0  dflt_clz.o(x$fpl$dflt)
    _dflt                                    0x080052e1   Thumb Code    46  dflt_clz.o(x$fpl$dflt)
    __aeabi_ui2d                             0x0800530f   Thumb Code     0  dflt_clz.o(x$fpl$dfltu)
    _dfltu                                   0x0800530f   Thumb Code    38  dflt_clz.o(x$fpl$dfltu)
    __aeabi_dmul                             0x08005335   Thumb Code     0  dmul.o(x$fpl$dmul)
    _dmul                                    0x08005335   Thumb Code   332  dmul.o(x$fpl$dmul)
    __fpl_dnaninf                            0x08005489   Thumb Code   156  dnaninf.o(x$fpl$dnaninf)
    __fpl_dretinf                            0x08005525   Thumb Code    12  dretinf.o(x$fpl$dretinf)
    __aeabi_drsub                            0x08005531   Thumb Code     0  daddsub_clz.o(x$fpl$drsb)
    _drsb                                    0x08005531   Thumb Code    22  daddsub_clz.o(x$fpl$drsb)
    __aeabi_dsub                             0x08005549   Thumb Code     0  daddsub_clz.o(x$fpl$dsub)
    _dsub                                    0x08005549   Thumb Code   464  daddsub_clz.o(x$fpl$dsub)
    __aeabi_f2d                              0x0800571d   Thumb Code     0  f2d.o(x$fpl$f2d)
    _f2d                                     0x0800571d   Thumb Code    86  f2d.o(x$fpl$f2d)
    __fpl_fnaninf                            0x08005773   Thumb Code   140  fnaninf.o(x$fpl$fnaninf)
    _fp_init                                 0x080057ff   Thumb Code    10  fpinit.o(x$fpl$fpinit)
    __fplib_config_fpu_vfp                   0x08005807   Thumb Code     0  fpinit.o(x$fpl$fpinit)
    __fplib_config_pureend_doubles           0x08005807   Thumb Code     0  fpinit.o(x$fpl$fpinit)
    __fpl_fretinf                            0x08005809   Thumb Code    10  fretinf.o(x$fpl$fretinf)
    __I$use$fp                               0x08005812   Number         0  usenofp.o(x$fpl$usenofp)
    crc15Table                               0x08005812   Data         512  main.o(.constdata)
    crc10Table                               0x08005a12   Data         512  main.o(.constdata)
    AHBPrescTable                            0x08005c12   Data          16  system_stm32f4xx.o(.constdata)
    __mathlib_zero                           0x08005c60   Data           8  qnan.o(.constdata)
    Region$$Table$$Base                      0x08005c68   Number         0  anon$$obj.o(Region$$Table)
    Region$$Table$$Limit                     0x08005c88   Number         0  anon$$obj.o(Region$$Table)
    tim3Int                                  0x20000000   Data           1  main.o(.data)
    subID                                    0x20000001   Data           1  main.o(.data)
    board                                    0x20000002   Data           1  main.o(.data)
    REFON                                    0x20000003   Data           1  main.o(.data)
    ADCOPT                                   0x20000004   Data           1  main.o(.data)
    MCAL                                     0x20000005   Data           1  main.o(.data)
    COMM_BK                                  0x20000006   Data           1  main.o(.data)
    SOAKON                                   0x20000007   Data           1  main.o(.data)
    OWRNG                                    0x20000008   Data           1  main.o(.data)
    DTMEN                                    0x20000009   Data           1  main.o(.data)
    DTRNG                                    0x2000000a   Data           1  main.o(.data)
    PS                                       0x2000000b   Data           2  main.o(.data)
    CVMIN                                    0x2000000d   Data           2  main.o(.data)
    UV_THRESHOLD                             0x20000010   Data           2  main.o(.data)
    OV_THRESHOLD                             0x20000012   Data           2  main.o(.data)
    OWA                                      0x20000014   Data           3  main.o(.data)
    OWC                                      0x20000017   Data           3  main.o(.data)
    canRcvDataInt                            0x2000001c   Data           4  main.o(.data)
    canRcvConfInt                            0x20000020   Data           4  main.o(.data)
    dischargeLockLimit                       0x20000024   Data           4  main.o(.data)
    timeZones                                0x20000028   Data           4  main.o(.data)
    Vsta                                     0x2000002c   Data           4  main.o(.data)
    dvdtLockLimit                            0x20000030   Data           4  main.o(.data)
    smallCurrentLimit                        0x20000034   Data           4  main.o(.data)
    StdId                                    0x20000038   Data           4  main.o(.data)
    punishDelay                              0x2000003c   Data           4  main.o(.data)
    tim3round                                0x20000040   Data           4  main.o(.data)
    currentRcv                               0x20000044   Data           4  main.o(.data)
    activeHcan                               0x20000048   Data           4  main.o(.data)
    TimerCnt                                 0x2000004c   Data           4  main.o(.data)
    cs_PIN                                   0x20000050   Data           6  main.o(.data)
    multiplexer_PIN                          0x20000056   Data           6  main.o(.data)
    DCTO                                     0x2000005c   Data           6  main.o(.data)
    GPO                                      0x20000062   Data           7  main.o(.data)
    FLAG_D                                   0x20000069   Data           8  main.o(.data)
    plainThsd                                0x20000074   Data           8  main.o(.data)
    cs_GPIO                                  0x2000007c   Data          12  main.o(.data)
    multiplexer_GPIO                         0x20000088   Data          12  main.o(.data)
    OCV_List                                 0x20000094   Data         204  main.o(.data)
    SOC_List                                 0x20000160   Data         204  main.o(.data)
    SOP_ListX                                0x2000022c   Data          28  main.o(.data)
    SOP_ListY                                0x20000248   Data          20  main.o(.data)
    SOP_chargeList                           0x2000025c   Data         140  main.o(.data)
    SOP_dischargeList                        0x200002e8   Data         140  main.o(.data)
    uwTickFreq                               0x20000378   Data           1  stm32f4xx_hal.o(.data)
    uwTickPrio                               0x2000037c   Data           4  stm32f4xx_hal.o(.data)
    uwTick                                   0x20000380   Data           4  stm32f4xx_hal.o(.data)
    SystemCoreClock                          0x20000384   Data           4  system_stm32f4xx.o(.data)
    DCC                                      0x20000388   Data          12  main.o(.bss)
    can1_tx_buff                             0x20000394   Data          32  main.o(.bss)
    can1_rx_buff                             0x200003b4   Data          32  main.o(.bss)
    BMS_IC                                   0x200003d4   Data        1536  main.o(.bss)
    TxHeader                                 0x200009d4   Data          24  can.o(.bss)
    RxHeader                                 0x200009ec   Data          28  can.o(.bss)
    hcan1                                    0x20000a08   Data          40  can.o(.bss)
    hcan2                                    0x20000a30   Data          40  can.o(.bss)
    hspi1                                    0x20000a58   Data          88  spi.o(.bss)
    htim2                                    0x20000ab0   Data          72  tim.o(.bss)
    htim3                                    0x20000af8   Data          72  tim.o(.bss)
    htim4                                    0x20000b40   Data          72  tim.o(.bss)
    htim7                                    0x20000b88   Data          72  tim.o(.bss)
    __libspace_start                         0x20000bd0   Data          96  libspace.o(.bss)
    __temporary_stack_top$libspace           0x20000c30   Data           0  libspace.o(.bss)



==============================================================================

Memory Map of the image

  Image Entry point : 0x08000189

  Load Region LR_IROM1 (Base: 0x08000000, Size: 0x00006010, Max: 0x00100000, ABSOLUTE, COMPRESSED[0x00005ed4])

    Execution Region ER_IROM1 (Base: 0x08000000, Size: 0x00005c88, Max: 0x00100000, ABSOLUTE)

    Base Addr    Size         Type   Attr      Idx    E Section Name        Object

    0x08000000   0x00000188   Data   RO            3    RESET               startup_stm32f407xx.o
    0x08000188   0x00000008   Code   RO         3739  * !!!main             c_w.l(__main.o)
    0x08000190   0x00000034   Code   RO         4028    !!!scatter          c_w.l(__scatter.o)
    0x080001c4   0x0000005a   Code   RO         4026    !!dczerorl2         c_w.l(__dczerorl2.o)
    0x0800021e   0x00000002   PAD
    0x08000220   0x0000001c   Code   RO         4030    !!handler_zi        c_w.l(__scatter_zi.o)
    0x0800023c   0x00000002   Code   RO         3966    .ARM.Collect$$libinit$$00000000  c_w.l(libinit.o)
    0x0800023e   0x00000004   Code   RO         3815    .ARM.Collect$$libinit$$00000001  c_w.l(libinit2.o)
    0x08000242   0x00000000   Code   RO         3818    .ARM.Collect$$libinit$$00000004  c_w.l(libinit2.o)
    0x08000242   0x00000008   Code   RO         3819    .ARM.Collect$$libinit$$00000005  c_w.l(libinit2.o)
    0x0800024a   0x00000000   Code   RO         3821    .ARM.Collect$$libinit$$0000000A  c_w.l(libinit2.o)
    0x0800024a   0x00000000   Code   RO         3823    .ARM.Collect$$libinit$$0000000C  c_w.l(libinit2.o)
    0x0800024a   0x00000000   Code   RO         3825    .ARM.Collect$$libinit$$0000000E  c_w.l(libinit2.o)
    0x0800024a   0x00000000   Code   RO         3828    .ARM.Collect$$libinit$$00000011  c_w.l(libinit2.o)
    0x0800024a   0x00000000   Code   RO         3830    .ARM.Collect$$libinit$$00000013  c_w.l(libinit2.o)
    0x0800024a   0x00000000   Code   RO         3832    .ARM.Collect$$libinit$$00000015  c_w.l(libinit2.o)
    0x0800024a   0x00000000   Code   RO         3834    .ARM.Collect$$libinit$$00000017  c_w.l(libinit2.o)
    0x0800024a   0x00000000   Code   RO         3836    .ARM.Collect$$libinit$$00000019  c_w.l(libinit2.o)
    0x0800024a   0x00000000   Code   RO         3838    .ARM.Collect$$libinit$$0000001B  c_w.l(libinit2.o)
    0x0800024a   0x00000000   Code   RO         3840    .ARM.Collect$$libinit$$0000001D  c_w.l(libinit2.o)
    0x0800024a   0x00000000   Code   RO         3842    .ARM.Collect$$libinit$$0000001F  c_w.l(libinit2.o)
    0x0800024a   0x00000000   Code   RO         3844    .ARM.Collect$$libinit$$00000021  c_w.l(libinit2.o)
    0x0800024a   0x00000000   Code   RO         3846    .ARM.Collect$$libinit$$00000023  c_w.l(libinit2.o)
    0x0800024a   0x00000000   Code   RO         3848    .ARM.Collect$$libinit$$00000025  c_w.l(libinit2.o)
    0x0800024a   0x00000000   Code   RO         3852    .ARM.Collect$$libinit$$0000002C  c_w.l(libinit2.o)
    0x0800024a   0x00000000   Code   RO         3854    .ARM.Collect$$libinit$$0000002E  c_w.l(libinit2.o)
    0x0800024a   0x00000000   Code   RO         3856    .ARM.Collect$$libinit$$00000030  c_w.l(libinit2.o)
    0x0800024a   0x00000000   Code   RO         3858    .ARM.Collect$$libinit$$00000032  c_w.l(libinit2.o)
    0x0800024a   0x00000002   Code   RO         3859    .ARM.Collect$$libinit$$00000033  c_w.l(libinit2.o)
    0x0800024c   0x00000002   Code   RO         4023    .ARM.Collect$$libshutdown$$00000000  c_w.l(libshutdown.o)
    0x0800024e   0x00000000   Code   RO         3983    .ARM.Collect$$libshutdown$$00000003  c_w.l(libshutdown2.o)
    0x0800024e   0x00000000   Code   RO         3986    .ARM.Collect$$libshutdown$$00000006  c_w.l(libshutdown2.o)
    0x0800024e   0x00000000   Code   RO         3989    .ARM.Collect$$libshutdown$$00000009  c_w.l(libshutdown2.o)
    0x0800024e   0x00000000   Code   RO         3991    .ARM.Collect$$libshutdown$$0000000B  c_w.l(libshutdown2.o)
    0x0800024e   0x00000000   Code   RO         3994    .ARM.Collect$$libshutdown$$0000000E  c_w.l(libshutdown2.o)
    0x0800024e   0x00000002   Code   RO         3995    .ARM.Collect$$libshutdown$$0000000F  c_w.l(libshutdown2.o)
    0x08000250   0x00000000   Code   RO         3779    .ARM.Collect$$rtentry$$00000000  c_w.l(__rtentry.o)
    0x08000250   0x00000000   Code   RO         3896    .ARM.Collect$$rtentry$$00000002  c_w.l(__rtentry2.o)
    0x08000250   0x00000006   Code   RO         3908    .ARM.Collect$$rtentry$$00000004  c_w.l(__rtentry4.o)
    0x08000256   0x00000000   Code   RO         3898    .ARM.Collect$$rtentry$$00000009  c_w.l(__rtentry2.o)
    0x08000256   0x00000004   Code   RO         3899    .ARM.Collect$$rtentry$$0000000A  c_w.l(__rtentry2.o)
    0x0800025a   0x00000000   Code   RO         3901    .ARM.Collect$$rtentry$$0000000C  c_w.l(__rtentry2.o)
    0x0800025a   0x00000008   Code   RO         3902    .ARM.Collect$$rtentry$$0000000D  c_w.l(__rtentry2.o)
    0x08000262   0x00000002   Code   RO         3969    .ARM.Collect$$rtexit$$00000000  c_w.l(rtexit.o)
    0x08000264   0x00000000   Code   RO         3999    .ARM.Collect$$rtexit$$00000002  c_w.l(rtexit2.o)
    0x08000264   0x00000004   Code   RO         4000    .ARM.Collect$$rtexit$$00000003  c_w.l(rtexit2.o)
    0x08000268   0x00000006   Code   RO         4001    .ARM.Collect$$rtexit$$00000004  c_w.l(rtexit2.o)
    0x0800026e   0x00000002   PAD
    0x08000270   0x00000000   Code   RO         3919    .emb_text           c_w.l(maybetermalloc1.o)
    0x08000270   0x00000040   Code   RO            4    .text               startup_stm32f407xx.o
    0x080002b0   0x0000005e   Code   RO         3675    .text               c_w.l(h1_alloc.o)
    0x0800030e   0x0000004e   Code   RO         3677    .text               c_w.l(h1_free.o)
    0x0800035c   0x000000ee   Code   RO         3733    .text               c_w.l(lludivv7m.o)
    0x0800044a   0x0000004e   Code   RO         3735    .text               c_w.l(rt_memclr_w.o)
    0x08000498   0x00000006   Code   RO         3737    .text               c_w.l(heapauxi.o)
    0x0800049e   0x00000002   PAD
    0x080004a0   0x00000008   Code   RO         3787    .text               c_w.l(rt_heap_descriptor_intlibspace.o)
    0x080004a8   0x00000004   Code   RO         3789    .text               c_w.l(hguard.o)
    0x080004ac   0x0000008a   Code   RO         3791    .text               c_w.l(init_alloc.o)
    0x08000536   0x0000000e   Code   RO         3795    .text               c_w.l(h1_init.o)
    0x08000544   0x00000016   Code   RO         3809    .text               c_w.l(_rserrno.o)
    0x0800055a   0x00000002   PAD
    0x0800055c   0x00000008   Code   RO         3892    .text               c_w.l(libspace.o)
    0x08000564   0x00000008   Code   RO         3915    .text               c_w.l(rt_errno_addr_intlibspace.o)
    0x0800056c   0x00000034   Code   RO         3921    .text               c_w.l(h1_extend.o)
    0x080005a0   0x0000000e   Code   RO         3925    .text               c_w.l(defsig_rtmem_outer.o)
    0x080005ae   0x00000002   Code   RO         3938    .text               c_w.l(use_no_semi.o)
    0x080005b0   0x00000000   Code   RO         3940    .text               c_w.l(indicate_semi.o)
    0x080005b0   0x0000004a   Code   RO         3941    .text               c_w.l(sys_stackheap_outer.o)
    0x080005fa   0x0000000c   Code   RO         3947    .text               c_w.l(exit.o)
    0x08000606   0x0000000a   Code   RO         3949    .text               c_w.l(defsig_exit.o)
    0x08000610   0x00000050   Code   RO         3955    .text               c_w.l(defsig_rtmem_inner.o)
    0x08000660   0x0000000c   Code   RO         3967    .text               c_w.l(sys_exit.o)
    0x0800066c   0x00000032   Code   RO         3977    .text               c_w.l(defsig_general.o)
    0x0800069e   0x0000000e   Code   RO         3996    .text               c_w.l(sys_wrch.o)
    0x080006ac   0x0000001c   Code   RO           13    i.ADBMS6815_adax    main.o
    0x080006c8   0x00000022   Code   RO           14    i.ADBMS6815_adcv    main.o
    0x080006ea   0x00000002   PAD
    0x080006ec   0x00000058   Code   RO           15    i.ADBMS6815_adstat  main.o
    0x08000744   0x000000c4   Code   RO           16    i.ADBMS6815_check_pec  main.o
    0x08000808   0x00000024   Code   RO           17    i.ADBMS6815_clear_discharge  main.o
    0x0800082c   0x0000002c   Code   RO           18    i.ADBMS6815_init_reg_limits  main.o
    0x08000858   0x00000016   Code   RO           19    i.ADBMS6815_mute    main.o
    0x0800086e   0x00000002   PAD
    0x08000870   0x0000007c   Code   RO           20    i.ADBMS6815_pladc   main.o
    0x080008ec   0x000001e6   Code   RO           21    i.ADBMS6815_rdasall  main.o
    0x08000ad2   0x00000002   PAD
    0x08000ad4   0x00000060   Code   RO           22    i.ADBMS6815_rdasall_reg  main.o
    0x08000b34   0x0000001a   Code   RO           25    i.ADBMS6815_rdcfg   main.o
    0x08000b4e   0x00000002   PAD
    0x08000b50   0x00000060   Code   RO           26    i.ADBMS6815_rdcfga  main.o
    0x08000bb0   0x00000060   Code   RO           27    i.ADBMS6815_rdcfgb  main.o
    0x08000c10   0x00000064   Code   RO           28    i.ADBMS6815_rdcv    main.o
    0x08000c74   0x0000007c   Code   RO           29    i.ADBMS6815_rdcv_reg  main.o
    0x08000cf0   0x00000060   Code   RO           30    i.ADBMS6815_rdcvall  main.o
    0x08000d50   0x00000296   Code   RO           31    i.ADBMS6815_rdstat  main.o
    0x08000fe6   0x00000002   PAD
    0x08000fe8   0x00000074   Code   RO           32    i.ADBMS6815_rdstat_reg  main.o
    0x0800105c   0x0000004e   Code   RO           33    i.ADBMS6815_reset_crc_count  main.o
    0x080010aa   0x000000c6   Code   RO           34    i.ADBMS6815_set_cfgr  main.o
    0x08001170   0x00000016   Code   RO           35    i.ADBMS6815_set_cfgr_adcopt  main.o
    0x08001186   0x00000016   Code   RO           41    i.ADBMS6815_set_cfgr_commBk  main.o
    0x0800119c   0x0000002a   Code   RO           42    i.ADBMS6815_set_cfgr_cvmin  main.o
    0x080011c6   0x00000026   Code   RO           43    i.ADBMS6815_set_cfgr_dcto  main.o
    0x080011ec   0x00000044   Code   RO           44    i.ADBMS6815_set_cfgr_dis  main.o
    0x08001230   0x00000016   Code   RO           45    i.ADBMS6815_set_cfgr_dtmen  main.o
    0x08001246   0x00000016   Code   RO           46    i.ADBMS6815_set_cfgr_dtrng  main.o
    0x0800125c   0x00000026   Code   RO           47    i.ADBMS6815_set_cfgr_flagD  main.o
    0x08001282   0x00000026   Code   RO           48    i.ADBMS6815_set_cfgr_gpo  main.o
    0x080012a8   0x00000016   Code   RO           49    i.ADBMS6815_set_cfgr_mcal  main.o
    0x080012be   0x0000002a   Code   RO           50    i.ADBMS6815_set_cfgr_owa  main.o
    0x080012e8   0x00000026   Code   RO           51    i.ADBMS6815_set_cfgr_owc  main.o
    0x0800130e   0x00000016   Code   RO           52    i.ADBMS6815_set_cfgr_owrng  main.o
    0x08001324   0x0000002a   Code   RO           53    i.ADBMS6815_set_cfgr_ps  main.o
    0x0800134e   0x00000016   Code   RO           54    i.ADBMS6815_set_cfgr_refon  main.o
    0x08001364   0x00000016   Code   RO           55    i.ADBMS6815_set_cfgr_soakon  main.o
    0x0800137a   0x00000018   Code   RO           56    i.ADBMS6815_set_cfgr_vov  main.o
    0x08001392   0x00000016   Code   RO           57    i.ADBMS6815_set_cfgr_vuv  main.o
    0x080013a8   0x00000024   Code   RO           58    i.ADBMS6815_set_discharge  main.o
    0x080013cc   0x00000016   Code   RO           59    i.ADBMS6815_unmute  main.o
    0x080013e2   0x00000016   Code   RO           60    i.ADBMS6815_wrcfg   main.o
    0x080013f8   0x00000034   Code   RO           61    i.ADBMS6815_wrcfga  main.o
    0x0800142c   0x00000038   Code   RO           62    i.ADBMS6815_wrcfgb  main.o
    0x08001464   0x00000002   Code   RO          843    i.BusFault_Handler  stm32f4xx_it.o
    0x08001466   0x00000002   PAD
    0x08001468   0x0000005c   Code   RO          644    i.CAN1_Config       can.o
    0x080014c4   0x0000000c   Code   RO          844    i.CAN1_RX0_IRQHandler  stm32f4xx_it.o
    0x080014d0   0x00000038   Code   RO          646    i.CAN1_Send_Msg     can.o
    0x08001508   0x00000060   Code   RO          647    i.CAN2_Config       can.o
    0x08001568   0x0000000c   Code   RO          845    i.CAN2_RX0_IRQHandler  stm32f4xx_it.o
    0x08001574   0x00000038   Code   RO          649    i.CAN2_Send_Msg     can.o
    0x080015ac   0x0000002e   Code   RO           63    i.CANReInit         main.o
    0x080015da   0x00000002   Code   RO          846    i.DebugMon_Handler  stm32f4xx_it.o
    0x080015dc   0x00000004   Code   RO           64    i.Error_Handler     main.o
    0x080015e0   0x00000024   Code   RO          974    i.HAL_CAN_ActivateNotification  stm32f4xx_hal_can.o
    0x08001604   0x000000c8   Code   RO          975    i.HAL_CAN_AddTxMessage  stm32f4xx_hal_can.o
    0x080016cc   0x0000010c   Code   RO          976    i.HAL_CAN_ConfigFilter  stm32f4xx_hal_can.o
    0x080017d8   0x00000050   Code   RO           65    i.HAL_CAN_ErrorCallback  main.o
    0x08001828   0x000000e8   Code   RO          982    i.HAL_CAN_GetRxMessage  stm32f4xx_hal_can.o
    0x08001910   0x000001fc   Code   RO          986    i.HAL_CAN_IRQHandler  stm32f4xx_hal_can.o
    0x08001b0c   0x0000011a   Code   RO          987    i.HAL_CAN_Init      stm32f4xx_hal_can.o
    0x08001c26   0x00000002   PAD
    0x08001c28   0x00000100   Code   RO          651    i.HAL_CAN_MspInit   can.o
    0x08001d28   0x00000022   Code   RO          993    i.HAL_CAN_ResetError  stm32f4xx_hal_can.o
    0x08001d4a   0x00000002   Code   RO          994    i.HAL_CAN_RxFifo0FullCallback  stm32f4xx_hal_can.o
    0x08001d4c   0x00000134   Code   RO           66    i.HAL_CAN_RxFifo0MsgPendingCallback  main.o
    0x08001e80   0x00000002   Code   RO          996    i.HAL_CAN_RxFifo1FullCallback  stm32f4xx_hal_can.o
    0x08001e82   0x00000002   Code   RO          997    i.HAL_CAN_RxFifo1MsgPendingCallback  stm32f4xx_hal_can.o
    0x08001e84   0x00000002   Code   RO          998    i.HAL_CAN_SleepCallback  stm32f4xx_hal_can.o
    0x08001e86   0x00000002   PAD
    0x08001e88   0x00000058   Code   RO          999    i.HAL_CAN_Start     stm32f4xx_hal_can.o
    0x08001ee0   0x00000002   Code   RO         1001    i.HAL_CAN_TxMailbox0AbortCallback  stm32f4xx_hal_can.o
    0x08001ee2   0x00000002   Code   RO         1002    i.HAL_CAN_TxMailbox0CompleteCallback  stm32f4xx_hal_can.o
    0x08001ee4   0x00000002   Code   RO         1003    i.HAL_CAN_TxMailbox1AbortCallback  stm32f4xx_hal_can.o
    0x08001ee6   0x00000002   Code   RO         1004    i.HAL_CAN_TxMailbox1CompleteCallback  stm32f4xx_hal_can.o
    0x08001ee8   0x00000002   Code   RO         1005    i.HAL_CAN_TxMailbox2AbortCallback  stm32f4xx_hal_can.o
    0x08001eea   0x00000002   Code   RO         1006    i.HAL_CAN_TxMailbox2CompleteCallback  stm32f4xx_hal_can.o
    0x08001eec   0x00000002   Code   RO         1008    i.HAL_CAN_WakeUpFromRxMsgCallback  stm32f4xx_hal_can.o
    0x08001eee   0x00000002   PAD
    0x08001ef0   0x00000024   Code   RO         2088    i.HAL_Delay         stm32f4xx_hal.o
    0x08001f14   0x000001f0   Code   RO         1562    i.HAL_GPIO_Init     stm32f4xx_hal_gpio.o
    0x08002104   0x0000000a   Code   RO         1566    i.HAL_GPIO_WritePin  stm32f4xx_hal_gpio.o
    0x0800210e   0x00000002   PAD
    0x08002110   0x0000000c   Code   RO         2094    i.HAL_GetTick       stm32f4xx_hal.o
    0x0800211c   0x00000010   Code   RO         2100    i.HAL_IncTick       stm32f4xx_hal.o
    0x0800212c   0x00000034   Code   RO         2101    i.HAL_Init          stm32f4xx_hal.o
    0x08002160   0x00000040   Code   RO         2102    i.HAL_InitTick      stm32f4xx_hal.o
    0x080021a0   0x00000030   Code   RO          949    i.HAL_MspInit       stm32f4xx_hal_msp.o
    0x080021d0   0x0000001a   Code   RO         1951    i.HAL_NVIC_EnableIRQ  stm32f4xx_hal_cortex.o
    0x080021ea   0x00000002   PAD
    0x080021ec   0x00000040   Code   RO         1957    i.HAL_NVIC_SetPriority  stm32f4xx_hal_cortex.o
    0x0800222c   0x00000024   Code   RO         1958    i.HAL_NVIC_SetPriorityGrouping  stm32f4xx_hal_cortex.o
    0x08002250   0x00000024   Code   RO         1959    i.HAL_NVIC_SystemReset  stm32f4xx_hal_cortex.o
    0x08002274   0x00000134   Code   RO         1208    i.HAL_RCC_ClockConfig  stm32f4xx_hal_rcc.o
    0x080023a8   0x00000064   Code   RO         1217    i.HAL_RCC_GetSysClockFreq  stm32f4xx_hal_rcc.o
    0x0800240c   0x0000036c   Code   RO         1220    i.HAL_RCC_OscConfig  stm32f4xx_hal_rcc.o
    0x08002778   0x000000bc   Code   RO         2350    i.HAL_SPI_Init      stm32f4xx_hal_spi.o
    0x08002834   0x00000068   Code   RO          730    i.HAL_SPI_MspInit   spi.o
    0x0800289c   0x00000028   Code   RO         1962    i.HAL_SYSTICK_Config  stm32f4xx_hal_cortex.o
    0x080028c4   0x00000002   Code   RO         3367    i.HAL_TIMEx_BreakCallback  stm32f4xx_hal_tim_ex.o
    0x080028c6   0x00000002   Code   RO         3368    i.HAL_TIMEx_CommutCallback  stm32f4xx_hal_tim_ex.o
    0x080028c8   0x00000090   Code   RO         3386    i.HAL_TIMEx_MasterConfigSynchronization  stm32f4xx_hal_tim_ex.o
    0x08002958   0x0000005a   Code   RO         2663    i.HAL_TIM_Base_Init  stm32f4xx_hal_tim.o
    0x080029b2   0x00000002   PAD
    0x080029b4   0x000000a0   Code   RO          778    i.HAL_TIM_Base_MspInit  tim.o
    0x08002a54   0x00000078   Code   RO         2666    i.HAL_TIM_Base_Start  stm32f4xx_hal_tim.o
    0x08002acc   0x00000080   Code   RO         2668    i.HAL_TIM_Base_Start_IT  stm32f4xx_hal_tim.o
    0x08002b4c   0x00000026   Code   RO         2669    i.HAL_TIM_Base_Stop  stm32f4xx_hal_tim.o
    0x08002b72   0x000000dc   Code   RO         2672    i.HAL_TIM_ConfigClockSource  stm32f4xx_hal_tim.o
    0x08002c4e   0x00000002   Code   RO         2697    i.HAL_TIM_IC_CaptureCallback  stm32f4xx_hal_tim.o
    0x08002c50   0x00000166   Code   RO         2711    i.HAL_TIM_IRQHandler  stm32f4xx_hal_tim.o
    0x08002db6   0x00000002   Code   RO         2714    i.HAL_TIM_OC_DelayElapsedCallback  stm32f4xx_hal_tim.o
    0x08002db8   0x00000002   Code   RO         2741    i.HAL_TIM_PWM_PulseFinishedCallback  stm32f4xx_hal_tim.o
    0x08002dba   0x00000002   Code   RO         2749    i.HAL_TIM_PeriodElapsedCallback  stm32f4xx_hal_tim.o
    0x08002dbc   0x00000002   Code   RO         2754    i.HAL_TIM_TriggerCallback  stm32f4xx_hal_tim.o
    0x08002dbe   0x00000002   Code   RO          847    i.HardFault_Handler  stm32f4xx_it.o
    0x08002dc0   0x00000044   Code   RO          652    i.MX_CAN1_Init      can.o
    0x08002e04   0x00000044   Code   RO          653    i.MX_CAN2_Init      can.o
    0x08002e48   0x00000110   Code   RO          617    i.MX_GPIO_Init      gpio.o
    0x08002f58   0x00000050   Code   RO          731    i.MX_SPI1_Init      spi.o
    0x08002fa8   0x00000068   Code   RO          779    i.MX_TIM2_Init      tim.o
    0x08003010   0x00000068   Code   RO          780    i.MX_TIM3_Init      tim.o
    0x08003078   0x00000068   Code   RO          781    i.MX_TIM4_Init      tim.o
    0x080030e0   0x00000044   Code   RO          782    i.MX_TIM7_Init      tim.o
    0x08003124   0x00000002   Code   RO          848    i.MemManage_Handler  stm32f4xx_it.o
    0x08003126   0x00000002   Code   RO          849    i.NMI_Handler       stm32f4xx_it.o
    0x08003128   0x00000002   Code   RO          850    i.PendSV_Handler    stm32f4xx_it.o
    0x0800312a   0x00000002   PAD
    0x0800312c   0x0000001c   Code   RO          732    i.SPI1_ReadWriteByte  spi.o
    0x08003148   0x00000002   Code   RO          851    i.SVC_Handler       stm32f4xx_it.o
    0x0800314a   0x00000004   Code   RO          852    i.SysTick_Handler   stm32f4xx_it.o
    0x0800314e   0x00000002   PAD
    0x08003150   0x00000098   Code   RO           67    i.SystemClock_Config  main.o
    0x080031e8   0x00000010   Code   RO         3635    i.SystemInit        system_stm32f4xx.o
    0x080031f8   0x0000000c   Code   RO           68    i.TIM2_IRQHandler   main.o
    0x08003204   0x00000028   Code   RO           69    i.TIM3_IRQHandler   main.o
    0x0800322c   0x0000001c   Code   RO           70    i.TIM4_IRQHandler   main.o
    0x08003248   0x000000c8   Code   RO         2756    i.TIM_Base_SetConfig  stm32f4xx_hal_tim.o
    0x08003310   0x00000014   Code   RO         2767    i.TIM_ETR_SetConfig  stm32f4xx_hal_tim.o
    0x08003324   0x00000010   Code   RO         2768    i.TIM_ITRx_SetConfig  stm32f4xx_hal_tim.o
    0x08003334   0x00000022   Code   RO         2774    i.TIM_TI1_ConfigInputStage  stm32f4xx_hal_tim.o
    0x08003356   0x00000024   Code   RO         2776    i.TIM_TI2_ConfigInputStage  stm32f4xx_hal_tim.o
    0x0800337a   0x00000002   PAD
    0x0800337c   0x0000009c   Code   RO           71    i.UploadCVData      main.o
    0x08003418   0x0000006c   Code   RO           72    i.UploadConfigData  main.o
    0x08003484   0x00000134   Code   RO           73    i.UploadMeasureData  main.o
    0x080035b8   0x00000002   Code   RO          856    i.UsageFault_Handler  stm32f4xx_it.o
    0x080035ba   0x00000020   Code   RO         1964    i.__NVIC_SetPriority  stm32f4xx_hal_cortex.o
    0x080035da   0x00000006   PAD
    0x080035e0   0x000003c4   Code   RO         3763    i.__hardfp_log      m_wm.l(log.o)
    0x080039a4   0x000000f8   Code   RO         3887    i.__kernel_poly     m_wm.l(poly.o)
    0x08003a9c   0x00000004   PAD
    0x08003aa0   0x00000030   Code   RO         3873    i.__mathlib_dbl_divzero  m_wm.l(dunder.o)
    0x08003ad0   0x00000014   Code   RO         3874    i.__mathlib_dbl_infnan  m_wm.l(dunder.o)
    0x08003ae4   0x00000004   PAD
    0x08003ae8   0x00000020   Code   RO         3876    i.__mathlib_dbl_invalid  m_wm.l(dunder.o)
    0x08003b08   0x00000988   Code   RO           74    i.basic_service     main.o
    0x08004490   0x00000014   Code   RO           75    i.cleartx           main.o
    0x080044a4   0x00000058   Code   RO           76    i.cmd_68            main.o
    0x080044fc   0x00000030   Code   RO          783    i.delay_us          tim.o
    0x0800452c   0x000001c4   Code   RO           77    i.first_service     main.o
    0x080046f0   0x0000032c   Code   RO           78    i.main              main.o
    0x08004a1c   0x0000000a   Code   RO           79    i.mcu_restart       main.o
    0x08004a26   0x00000002   PAD
    0x08004a28   0x00000044   Code   RO           80    i.mulitiplexer_switch  main.o
    0x08004a6c   0x00000052   Code   RO           81    i.parse_allcells    main.o
    0x08004abe   0x0000005e   Code   RO           82    i.parse_cells       main.o
    0x08004b1c   0x00000054   Code   RO           83    i.pec10_calc        main.o
    0x08004b70   0x00000034   Code   RO           84    i.pec15_calc        main.o
    0x08004ba4   0x00000098   Code   RO           85    i.read_68           main.o
    0x08004c3c   0x00000006   Code   RO           86    i.spi_read_byte     main.o
    0x08004c42   0x0000001a   Code   RO           87    i.spi_write_array   main.o
    0x08004c5c   0x0000003e   Code   RO           88    i.spi_write_read    main.o
    0x08004c9a   0x00000002   PAD
    0x08004c9c   0x00000048   Code   RO           89    i.wakeup_sleep      main.o
    0x08004ce4   0x00000060   Code   RO           90    i.writeConfOnly     main.o
    0x08004d44   0x00000090   Code   RO           91    i.write_68          main.o
    0x08004dd4   0x00000018   Code   RO         3860    x$fpl$basic         fz_wm.l(basic.o)
    0x08004dec   0x00000062   Code   RO         3741    x$fpl$d2f           fz_wm.l(d2f.o)
    0x08004e4e   0x00000002   PAD
    0x08004e50   0x00000150   Code   RO         3743    x$fpl$dadd          fz_wm.l(daddsub_clz.o)
    0x08004fa0   0x00000018   Code   RO         3934    x$fpl$dcmpinf       fz_wm.l(dcmpi.o)
    0x08004fb8   0x000002b0   Code   RO         3750    x$fpl$ddiv          fz_wm.l(ddiv.o)
    0x08005268   0x00000078   Code   RO         3862    x$fpl$deqf          fz_wm.l(deqf.o)
    0x080052e0   0x0000002e   Code   RO         3754    x$fpl$dflt          fz_wm.l(dflt_clz.o)
    0x0800530e   0x00000026   Code   RO         3753    x$fpl$dfltu         fz_wm.l(dflt_clz.o)
    0x08005334   0x00000154   Code   RO         3759    x$fpl$dmul          fz_wm.l(dmul.o)
    0x08005488   0x0000009c   Code   RO         3864    x$fpl$dnaninf       fz_wm.l(dnaninf.o)
    0x08005524   0x0000000c   Code   RO         3866    x$fpl$dretinf       fz_wm.l(dretinf.o)
    0x08005530   0x00000016   Code   RO         3744    x$fpl$drsb          fz_wm.l(daddsub_clz.o)
    0x08005546   0x00000002   PAD
    0x08005548   0x000001d4   Code   RO         3745    x$fpl$dsub          fz_wm.l(daddsub_clz.o)
    0x0800571c   0x00000056   Code   RO         3761    x$fpl$f2d           fz_wm.l(f2d.o)
    0x08005772   0x0000008c   Code   RO         3868    x$fpl$fnaninf       fz_wm.l(fnaninf.o)
    0x080057fe   0x0000000a   Code   RO         3936    x$fpl$fpinit        fz_wm.l(fpinit.o)
    0x08005808   0x0000000a   Code   RO         3870    x$fpl$fretinf       fz_wm.l(fretinf.o)
    0x08005812   0x00000000   Code   RO         3872    x$fpl$usenofp       fz_wm.l(usenofp.o)
    0x08005812   0x00000400   Data   RO           94    .constdata          main.o
    0x08005c12   0x00000010   Data   RO         3636    .constdata          system_stm32f4xx.o
    0x08005c22   0x00000006   PAD
    0x08005c28   0x00000038   Data   RO         3766    .constdata          m_wm.l(log.o)
    0x08005c60   0x00000008   Data   RO         3889    .constdata          m_wm.l(qnan.o)
    0x08005c68   0x00000020   Data   RO         4024    Region$$Table       anon$$obj.o


    Execution Region RW_IRAM2 (Base: 0x10000000, Size: 0x00000000, Max: 0x00010000, ABSOLUTE)

    **** No section assigned to this execution region ****


    Execution Region RW_IRAM1 (Base: 0x20000000, Size: 0x00001230, Max: 0x00020000, ABSOLUTE, COMPRESSED[0x0000024c])

    Base Addr    Size         Type   Attr      Idx    E Section Name        Object

    0x20000000   0x00000374   Data   RW           95    .data               main.o
    0x20000374   0x00000004   Data   RW          655    .data               can.o
    0x20000378   0x0000000c   Data   RW         2108    .data               stm32f4xx_hal.o
    0x20000384   0x00000004   Data   RW         3638    .data               system_stm32f4xx.o
    0x20000388   0x0000064c   Zero   RW           92    .bss                main.o
    0x200009d4   0x00000084   Zero   RW          654    .bss                can.o
    0x20000a58   0x00000058   Zero   RW          733    .bss                spi.o
    0x20000ab0   0x00000120   Zero   RW          784    .bss                tim.o
    0x20000bd0   0x00000060   Zero   RW         3893    .bss                c_w.l(libspace.o)
    0x20000c30   0x00000200   Zero   RW            2    HEAP                startup_stm32f407xx.o
    0x20000e30   0x00000400   Zero   RW            1    STACK               startup_stm32f407xx.o


==============================================================================

Image component sizes


      Code (inc. data)   RO Data    RW Data    ZI Data      Debug   Object Name

       692         62          0          4        132       5004   can.o
       272         20          0          0          0       1083   gpio.o
      9504        456       1024        884       1612     755707   main.o
       212         28          0          0         88       2138   spi.o
        64         26        392          0       1536        844   startup_stm32f407xx.o
       180         28          0         12          0       9341   stm32f4xx_hal.o
      1670          6          0          0          0      13436   stm32f4xx_hal_can.o
       234         24          0          0          0      34202   stm32f4xx_hal_cortex.o
       506         46          0          0          0       2012   stm32f4xx_hal_gpio.o
        48          6          0          0          0        854   stm32f4xx_hal_msp.o
      1284         52          0          0          0       3822   stm32f4xx_hal_rcc.o
       188          0          0          0          0       1163   stm32f4xx_hal_spi.o
      1270        102          0          0          0      11434   stm32f4xx_hal_tim.o
       148         28          0          0          0       2397   stm32f4xx_hal_tim_ex.o
        44         12          0          0          0       5106   stm32f4xx_it.o
        16          4         16          4          0       1127   system_stm32f4xx.o
       588         54          0          0        288       4260   tim.o

    ----------------------------------------------------------------------
     16960        954       1470        904       3656     853930   Object Totals
         0          0         32          0          0          0   (incl. Generated)
        40          0          6          0          0          0   (incl. Padding)

    ----------------------------------------------------------------------

      Code (inc. data)   RO Data    RW Data    ZI Data      Debug   Library Member Name

        90          0          0          0          0          0   __dczerorl2.o
         8          0          0          0          0         68   __main.o
         0          0          0          0          0          0   __rtentry.o
        12          0          0          0          0          0   __rtentry2.o
         6          0          0          0          0          0   __rtentry4.o
        52          8          0          0          0          0   __scatter.o
        28          0          0          0          0          0   __scatter_zi.o
        22          0          0          0          0        100   _rserrno.o
        10          0          0          0          0         68   defsig_exit.o
        50          0          0          0          0         88   defsig_general.o
        80         58          0          0          0         76   defsig_rtmem_inner.o
        14          0          0          0          0         80   defsig_rtmem_outer.o
        12          0          0          0          0         72   exit.o
        94          0          0          0          0         80   h1_alloc.o
        52          0          0          0          0         68   h1_extend.o
        78          0          0          0          0         80   h1_free.o
        14          0          0          0          0         84   h1_init.o
         6          0          0          0          0        152   heapauxi.o
         4          0          0          0          0        136   hguard.o
         0          0          0          0          0          0   indicate_semi.o
       138          0          0          0          0        168   init_alloc.o
         2          0          0          0          0          0   libinit.o
        14          0          0          0          0          0   libinit2.o
         2          0          0          0          0          0   libshutdown.o
         2          0          0          0          0          0   libshutdown2.o
         8          4          0          0         96         68   libspace.o
       238          0          0          0          0        100   lludivv7m.o
         0          0          0          0          0          0   maybetermalloc1.o
         8          4          0          0          0         68   rt_errno_addr_intlibspace.o
         8          4          0          0          0         68   rt_heap_descriptor_intlibspace.o
        78          0          0          0          0         80   rt_memclr_w.o
         2          0          0          0          0          0   rtexit.o
        10          0          0          0          0          0   rtexit2.o
        12          4          0          0          0         68   sys_exit.o
        74          0          0          0          0         80   sys_stackheap_outer.o
        14          0          0          0          0         76   sys_wrch.o
         2          0          0          0          0         68   use_no_semi.o
        24          0          0          0          0        164   basic.o
        98          4          0          0          0        140   d2f.o
       826         16          0          0          0        492   daddsub_clz.o
        24          0          0          0          0        116   dcmpi.o
       688        140          0          0          0        256   ddiv.o
       120          4          0          0          0        140   deqf.o
        84          0          0          0          0        232   dflt_clz.o
       340         12          0          0          0        152   dmul.o
       156          4          0          0          0        140   dnaninf.o
        12          0          0          0          0        116   dretinf.o
        86          4          0          0          0        132   f2d.o
       140          4          0          0          0        132   fnaninf.o
        10          0          0          0          0        116   fpinit.o
        10          0          0          0          0        116   fretinf.o
         0          0          0          0          0          0   usenofp.o
       100         28          0          0          0        372   dunder.o
       964         92         56          0          0        316   log.o
       248          0          0          0          0        152   poly.o
         0          0          8          0          0          0   qnan.o

    ----------------------------------------------------------------------
      5194        390         64          0         96       5280   Library Totals
        20          0          0          0          0          0   (incl. Padding)

    ----------------------------------------------------------------------

      Code (inc. data)   RO Data    RW Data    ZI Data      Debug   Library Name

      1244         82          0          0         96       1996   c_w.l
      2618        188          0          0          0       2444   fz_wm.l
      1312        120         64          0          0        840   m_wm.l

    ----------------------------------------------------------------------
      5194        390         64          0         96       5280   Library Totals

    ----------------------------------------------------------------------

==============================================================================


      Code (inc. data)   RO Data    RW Data    ZI Data      Debug   

     22154       1344       1534        904       3752     841070   Grand Totals
     22154       1344       1534        588       3752     841070   ELF Image Totals (compressed)
     22154       1344       1534        588          0          0   ROM Totals

==============================================================================

    Total RO  Size (Code + RO Data)                23688 (  23.13kB)
    Total RW  Size (RW Data + ZI Data)              4656 (   4.55kB)
    Total ROM Size (Code + RO Data + RW Data)      24276 (  23.71kB)

==============================================================================

